[    0.000000] Initializing cgroup subsys cpuset
[    0.000000] Initializing cgroup subsys cpu
[    0.000000] Initializing cgroup subsys cpuacct
[    0.000000] Linux version 4.4.0-210-generic (buildd@lgw01-amd64-009) (gcc version 5.4.0 20160609 (Ubuntu 5.4.0-6ubuntu1~16.04.12) ) #242-Ubuntu SMP Fri Apr 16 09:57:56 UTC 2021 (Ubuntu 4.4.0-210.242-generic 4.4.262)
[    0.000000] Command line: BOOT_IMAGE=/boot/vmlinuz-4.4.0-210-generic root=LABEL=cloudimg-rootfs ro console=tty1 console=ttyS0
[    0.000000] KERNEL supported cpus:
[    0.000000]   Intel GenuineIntel
[    0.000000]   AMD AuthenticAMD
[    0.000000]   Centaur CentaurHauls
[    0.000000] x86/fpu: xstate_offset[2]:  576, xstate_sizes[2]:  256
[    0.000000] x86/fpu: Supporting XSAVE feature 0x01: 'x87 floating point registers'
[    0.000000] x86/fpu: Supporting XSAVE feature 0x02: 'SSE registers'
[    0.000000] x86/fpu: Supporting XSAVE feature 0x04: 'AVX registers'
[    0.000000] x86/fpu: Enabled xstate features 0x7, context size is 832 bytes, using 'standard' format.
[    0.000000] e820: BIOS-provided physical RAM map:
[    0.000000] BIOS-e820: [mem 0x0000000000000000-0x000000000009fbff] usable
[    0.000000] BIOS-e820: [mem 0x000000000009fc00-0x000000000009ffff] reserved
[    0.000000] BIOS-e820: [mem 0x00000000000f0000-0x00000000000fffff] reserved
[    0.000000] BIOS-e820: [mem 0x0000000000100000-0x000000003ffeffff] usable
[    0.000000] BIOS-e820: [mem 0x000000003fff0000-0x000000003fffffff] ACPI data
[    0.000000] BIOS-e820: [mem 0x00000000fec00000-0x00000000fec00fff] reserved
[    0.000000] BIOS-e820: [mem 0x00000000fee00000-0x00000000fee00fff] reserved
[    0.000000] BIOS-e820: [mem 0x00000000fffc0000-0x00000000ffffffff] reserved
[    0.000000] NX (Execute Disable) protection: active
[    0.000000] SMBIOS 2.5 present.
[    0.000000] Hypervisor detected: KVM
[    0.000000] e820: last_pfn = 0x3fff0 max_arch_pfn = 0x400000000
[    0.000000] MTRR: Disabled
[    0.000000] x86/PAT: MTRRs disabled, skipping PAT initialization too.
[    0.000000] CPU MTRRs all blank - virtualized system.
[    0.000000] x86/PAT: Configuration [0-7]: WB  WT  UC- UC  WB  WT  UC- UC  
[    0.000000] found SMP MP-table at [mem 0x0009fff0-0x0009ffff] mapped at [ffff88000009fff0]
[    0.000000] Scanning 1 areas for low memory corruption
[    0.000000] RAMDISK: [mem 0x362de000-0x37166fff]
[    0.000000] ACPI: Early table checksum verification disabled
[    0.000000] ACPI: RSDP 0x00000000000E0000 000024 (v02 VBOX  )
[    0.000000] ACPI: XSDT 0x000000003FFF0030 00003C (v01 VBOX   VBOXXSDT 00000001 ASL  00000061)
[    0.000000] ACPI: FACP 0x000000003FFF00F0 0000F4 (v04 VBOX   VBOXFACP 00000001 ASL  00000061)
[    0.000000] ACPI: DSDT 0x000000003FFF0470 002325 (v02 VBOX   VBOXBIOS 00000002 INTL 20100528)
[    0.000000] ACPI: FACS 0x000000003FFF0200 000040
[    0.000000] ACPI: FACS 0x000000003FFF0200 000040
[    0.000000] ACPI: APIC 0x000000003FFF0240 00005C (v02 VBOX   VBOXAPIC 00000001 ASL  00000061)
[    0.000000] ACPI: SSDT 0x000000003FFF02A0 0001CC (v01 VBOX   VBOXCPUT 00000002 INTL 20100528)
[    0.000000] No NUMA configuration found
[    0.000000] Faking a node at [mem 0x0000000000000000-0x000000003ffeffff]
[    0.000000] NODE_DATA(0) allocated [mem 0x3ffeb000-0x3ffeffff]
[    0.000000] kvm-clock: Using msrs 4b564d01 and 4b564d00
[    0.000000] kvm-clock: cpu 0, msr 0:3ffe3001, primary cpu clock
[    0.000000] kvm-clock: using sched offset of 3040871792 cycles
[    0.000000] clocksource: kvm-clock: mask: 0xffffffffffffffff max_cycles: 0x1cd42e4dffb, max_idle_ns: 881590591483 ns
[    0.000000] Zone ranges:
[    0.000000]   DMA      [mem 0x0000000000001000-0x0000000000ffffff]
[    0.000000]   DMA32    [mem 0x0000000001000000-0x000000003ffeffff]
[    0.000000]   Normal   empty
[    0.000000]   Device   empty
[    0.000000] Movable zone start for each node
[    0.000000] Early memory node ranges
[    0.000000]   node   0: [mem 0x0000000000001000-0x000000000009efff]
[    0.000000]   node   0: [mem 0x0000000000100000-0x000000003ffeffff]
[    0.000000] Initmem setup node 0 [mem 0x0000000000001000-0x000000003ffeffff]
[    0.000000] ACPI: PM-Timer IO Port: 0x4008
[    0.000000] IOAPIC[0]: apic_id 2, version 32, address 0xfec00000, GSI 0-23
[    0.000000] ACPI: INT_SRC_OVR (bus 0 bus_irq 0 global_irq 2 dfl dfl)
[    0.000000] ACPI: INT_SRC_OVR (bus 0 bus_irq 9 global_irq 9 low level)
[    0.000000] Using ACPI (MADT) for SMP configuration information
[    0.000000] smpboot: Allowing 2 CPUs, 0 hotplug CPUs
[    0.000000] PM: Registered nosave memory: [mem 0x00000000-0x00000fff]
[    0.000000] PM: Registered nosave memory: [mem 0x0009f000-0x0009ffff]
[    0.000000] PM: Registered nosave memory: [mem 0x000a0000-0x000effff]
[    0.000000] PM: Registered nosave memory: [mem 0x000f0000-0x000fffff]
[    0.000000] e820: [mem 0x40000000-0xfebfffff] available for PCI devices
[    0.000000] Booting paravirtualized kernel on KVM
[    0.000000] clocksource: refined-jiffies: mask: 0xffffffff max_cycles: 0xffffffff, max_idle_ns: 7645519600211568 ns
[    0.000000] setup_percpu: NR_CPUS:512 nr_cpumask_bits:512 nr_cpu_ids:2 nr_node_ids:1
[    0.000000] PERCPU: Embedded 33 pages/cpu @ffff88003fc00000 s95192 r8192 d31784 u1048576
[    0.000000] Built 1 zonelists in Node order, mobility grouping on.  Total pages: 257912
[    0.000000] Policy zone: DMA32
[    0.000000] Kernel command line: BOOT_IMAGE=/boot/vmlinuz-4.4.0-210-generic root=LABEL=cloudimg-rootfs ro console=tty1 console=ttyS0
[    0.000000] PID hash table entries: 4096 (order: 3, 32768 bytes)
[    0.000000] Memory: 997796K/1048120K available (8644K kernel code, 1332K rwdata, 4044K rodata, 1492K init, 1164K bss, 50324K reserved, 0K cma-reserved)
[    0.000000] SLUB: HWalign=64, Order=0-3, MinObjects=0, CPUs=2, Nodes=1
[    0.000000] Kernel/User page tables isolation: enabled
[    0.000000] Hierarchical RCU implementation.
[    0.000000] 	Build-time adjustment of leaf fanout to 64.
[    0.000000] 	RCU restricting CPUs from NR_CPUS=512 to nr_cpu_ids=2.
[    0.000000] RCU: Adjusting geometry for rcu_fanout_leaf=64, nr_cpu_ids=2
[    0.000000] NR_IRQS:33024 nr_irqs:440 16
[    0.000000] Console: colour VGA+ 80x25
[    0.000000] console [tty1] enabled
[    0.000000] console [ttyS0] enabled
[    0.000000] tsc: Detected 3600.060 MHz processor
[    0.094384] Calibrating delay loop (skipped) preset value.. 7200.12 BogoMIPS (lpj=14400240)
[    0.095668] pid_max: default: 32768 minimum: 301
[    0.096288] ACPI: Core revision 20150930
[    0.097559] ACPI: 2 ACPI AML tables successfully acquired and loaded
[    0.098585] Security Framework initialized
[    0.099176] Yama: becoming mindful.
[    0.099720] AppArmor: AppArmor initialized
[    0.100358] Dentry cache hash table entries: 131072 (order: 8, 1048576 bytes)
[    0.101691] Inode-cache hash table entries: 65536 (order: 7, 524288 bytes)
[    0.102643] Mount-cache hash table entries: 2048 (order: 2, 16384 bytes)
[    0.103471] Mountpoint-cache hash table entries: 2048 (order: 2, 16384 bytes)
[    0.104480] Initializing cgroup subsys io
[    0.105105] Initializing cgroup subsys memory
[    0.105766] Initializing cgroup subsys devices
[    0.106386] Initializing cgroup subsys freezer
[    0.107039] Initializing cgroup subsys net_cls
[    0.107705] Initializing cgroup subsys perf_event
[    0.108324] Initializing cgroup subsys net_prio
[    0.109067] Initializing cgroup subsys hugetlb
[    0.110375] Initializing cgroup subsys pids
[    0.121176] mce: CPU supports 0 MCE banks
[    0.121837] Last level iTLB entries: 4KB 128, 2MB 8, 4MB 8
[    0.122617] Last level dTLB entries: 4KB 64, 2MB 0, 4MB 0, 1GB 4
[    0.123362] Spectre V1 : Mitigation: usercopy/swapgs barriers and __user pointer sanitization
[    0.124589] Spectre V2 : Mitigation: Full generic retpoline
[    0.125332] Spectre V2 : Spectre v2 / SpectreRSB mitigation: Filling RSB on context switch
[    0.126480] Speculative Store Bypass: Vulnerable
[    0.127156] SRBDS: Unknown: Dependent on hypervisor status
[    0.127987] MDS: Mitigation: Clear CPU buffers
[    0.130646] Freeing SMP alternatives memory: 36K
[    0.135898] ftrace: allocating 32380 entries in 127 pages
[    0.181411] smpboot: APIC(0) Converting physical 0 to logical package 0
[    0.182395] smpboot: Max logical packages: 1
[    0.183209] x2apic enabled
[    0.183847] Switched APIC routing to physical x2apic.
[    0.185421] ..TIMER: vector=0x30 apic1=0 pin1=2 apic2=-1 pin2=-1
[    0.294329] smpboot: CPU0: Intel(R) Core(TM) i5-8600K CPU @ 3.60GHz (family: 0x6, model: 0x9e, stepping: 0xa)
[    0.295924] Performance Events: unsupported p6 CPU model 158 no PMU driver, software events only.
[    0.305422] KVM setup paravirtual spinlock
[    0.306824] x86: Booting SMP configuration:
[    0.307434] .... node  #0, CPUs:      #1
[    0.308241] kvm-clock: cpu 1, msr 0:3ffe3041, secondary cpu clock
[    0.319279] mce: CPU supports 0 MCE banks
[    0.321711] x86: Booted up 1 node, 2 CPUs
[    0.322459] smpboot: Total of 2 processors activated (14400.24 BogoMIPS)
[    0.323791] devtmpfs: initialized
[    0.325786] evm: security.selinux
[    0.326349] evm: security.SMACK64
[    0.326898] evm: security.SMACK64EXEC
[    0.327458] evm: security.SMACK64TRANSMUTE
[    0.328086] evm: security.SMACK64MMAP
[    0.328724] evm: security.ima
[    0.329177] evm: security.capability
[    0.330057] clocksource: jiffies: mask: 0xffffffff max_cycles: 0xffffffff, max_idle_ns: 7645041785100000 ns
[    0.331428] futex hash table entries: 512 (order: 3, 32768 bytes)
[    0.332405] pinctrl core: initialized pinctrl subsystem
[    0.333169] RTC time: 21:10:18, date: 05/06/21
[    0.334095] NET: Registered protocol family 16
[    0.346892] cpuidle: using governor ladder
[    0.358475] cpuidle: using governor menu
[    0.359131] PCCT header not found.
[    0.359814] ACPI: bus type PCI registered
[    0.360541] acpiphp: ACPI Hot Plug PCI Controller Driver version: 0.5
[    0.361417] PCI: Using configuration type 1 for base access
[    0.375406] ACPI: Added _OSI(Module Device)
[    0.376103] ACPI: Added _OSI(Processor Device)
[    0.376771] ACPI: Added _OSI(3.0 _SCP Extensions)
[    0.377484] ACPI: Added _OSI(Processor Aggregator Device)
[    0.378752] ACPI: Executed 1 blocks of module-level executable AML code
[    0.381218] ACPI: Interpreter enabled
[    0.381823] ACPI: (supports S0 S5)
[    0.382359] ACPI: Using IOAPIC for interrupt routing
[    0.383180] PCI: Using host bridge windows from ACPI; if necessary, use "pci=nocrs" and report a bug
[    0.386945] ACPI: PCI Root Bridge [PCI0] (domain 0000 [bus 00-ff])
[    0.387820] acpi PNP0A03:00: _OSC: OS supports [ASPM ClockPM Segments MSI]
[    0.388921] acpi PNP0A03:00: _OSC: not requesting OS control; OS requires [ExtendedConfig ASPM ClockPM MSI]
[    0.390263] acpi PNP0A03:00: fail to add MMCONFIG information, can't access extended PCI configuration space under this bridge.
[    0.392047] PCI host bridge to bus 0000:00
[    0.392737] pci_bus 0000:00: root bus resource [io  0x0000-0x0cf7 window]
[    0.393579] pci_bus 0000:00: root bus resource [io  0x0d00-0xffff window]
[    0.394412] pci_bus 0000:00: root bus resource [mem 0x000a0000-0x000bffff window]
[    0.395475] pci_bus 0000:00: root bus resource [mem 0x40000000-0xfdffffff window]
[    0.396616] pci_bus 0000:00: root bus resource [bus 00-ff]
[    0.398630] pci 0000:00:01.1: legacy IDE quirk: reg 0x10: [io  0x01f0-0x01f7]
[    0.399595] pci 0000:00:01.1: legacy IDE quirk: reg 0x14: [io  0x03f6]
[    0.400419] pci 0000:00:01.1: legacy IDE quirk: reg 0x18: [io  0x0170-0x0177]
[    0.408162] pci 0000:00:01.1: legacy IDE quirk: reg 0x1c: [io  0x0376]
[    0.422125] pci 0000:00:07.0: quirk: [io  0x4000-0x403f] claimed by PIIX4 ACPI
[    0.423260] pci 0000:00:07.0: quirk: [io  0x4100-0x410f] claimed by PIIX4 SMB
[    0.432782] ACPI: PCI Interrupt Link [LNKA] (IRQs 5 9 10 *11)
[    0.434228] ACPI: PCI Interrupt Link [LNKB] (IRQs 5 9 *10 11)
[    0.435449] ACPI: PCI Interrupt Link [LNKC] (IRQs 5 *9 10 11)
[    0.436583] ACPI: PCI Interrupt Link [LNKD] (IRQs 5 9 10 *11)
[    0.437790] ACPI: Enabled 2 GPEs in block 00 to 07
[    0.438877] vgaarb: setting as boot device: PCI:0000:00:02.0
[    0.439697] vgaarb: device added: PCI:0000:00:02.0,decodes=io+mem,owns=io+mem,locks=none
[    0.440845] vgaarb: loaded
[    0.441320] vgaarb: bridge control possible 0000:00:02.0
[    0.442264] SCSI subsystem initialized
[    0.443056] ACPI: bus type USB registered
[    0.443719] usbcore: registered new interface driver usbfs
[    0.444497] usbcore: registered new interface driver hub
[    0.445246] usbcore: registered new device driver usb
[    0.446695] PCI: Using ACPI for IRQ routing
[    0.447501] NetLabel: Initializing
[    0.448064] NetLabel:  domain hash size = 128
[    0.448739] NetLabel:  protocols = UNLABELED CIPSOv4
[    0.449420] NetLabel:  unlabeled traffic allowed by default
[    0.450408] amd_nb: Cannot enumerate AMD northbridges
[    0.451265] clocksource: Switched to clocksource kvm-clock
[    0.456493] AppArmor: AppArmor Filesystem Enabled
[    0.457304] pnp: PnP ACPI init
[    0.458427] pnp: PnP ACPI: found 3 devices
[    0.466591] clocksource: acpi_pm: mask: 0xffffff max_cycles: 0xffffff, max_idle_ns: 2085701024 ns
[    0.467927] NET: Registered protocol family 2
[    0.468704] TCP established hash table entries: 8192 (order: 4, 65536 bytes)
[    0.469687] TCP bind hash table entries: 8192 (order: 5, 131072 bytes)
[    0.470484] TCP: Hash tables configured (established 8192 bind 8192)
[    0.471294] UDP hash table entries: 512 (order: 2, 16384 bytes)
[    0.472106] UDP-Lite hash table entries: 512 (order: 2, 16384 bytes)
[    0.473020] NET: Registered protocol family 1
[    0.473686] pci 0000:00:00.0: Limiting direct PCI/PCI transfers
[    0.474505] pci 0000:00:01.0: Activating ISA DMA hang workarounds
[    0.475399] Unpacking initramfs...
[    0.628530] Freeing initrd memory: 14884K
[    0.629255] clocksource: tsc: mask: 0xffffffffffffffff max_cycles: 0x33e48c2ddf9, max_idle_ns: 440795317019 ns
[    0.630642] platform rtc_cmos: registered platform RTC device (no PNP device found)
[    0.631927] Scanning for low memory corruption every 60 seconds
[    0.633224] audit: initializing netlink subsys (disabled)
[    0.633992] audit: type=2000 audit(1620335422.776:1): initialized
[    0.635069] Initialise system trusted keyring
[    0.635839] HugeTLB registered 2 MB page size, pre-allocated 0 pages
[    0.637725] zbud: loaded
[    0.638553] VFS: Disk quotas dquot_6.6.0
[    0.639162] VFS: Dquot-cache hash table entries: 512 (order 0, 4096 bytes)
[    0.640238] squashfs: version 4.0 (2009/01/31) Phillip Lougher
[    0.641418] fuse init (API version 7.23)
[    0.642219] Key type big_key registered
[    0.642850] Allocating IMA MOK and blacklist keyrings.
[    0.648287] Key type asymmetric registered
[    0.648913] Asymmetric key parser 'x509' registered
[    0.649662] Block layer SCSI generic (bsg) driver version 0.4 loaded (major 249)
[    0.650873] io scheduler noop registered
[    0.651512] io scheduler deadline registered (default)
[    0.652290] io scheduler cfq registered
[    0.652997] pci_hotplug: PCI Hot Plug PCI Core version: 0.5
[    0.653830] pciehp: PCI Express Hot Plug Controller Driver version: 0.4
[    0.654787] ACPI: AC Adapter [AC] (on-line)
[    0.655413] input: Power Button as /devices/LNXSYSTM:00/LNXPWRBN:00/input/input0
[    0.656572] ACPI: Power Button [PWRF]
[    0.657182] input: Sleep Button as /devices/LNXSYSTM:00/LNXSLPBN:00/input/input1
[    0.658283] ACPI: Sleep Button [SLPF]
[    0.659097] GHES: HEST is not enabled!
[    0.659981] Serial: 8250/16550 driver, 32 ports, IRQ sharing enabled
[    0.681194] 00:02: ttyS0 at I/O 0x3f8 (irq = 4, base_baud = 115200) is a 16550A
[    0.684385] Linux agpgart interface v0.103
[    0.686680] loop: module loaded
[    0.687689] scsi host0: ata_piix
[    0.688467] scsi host1: ata_piix
[    0.688999] ata1: PATA max UDMA/33 cmd 0x1f0 ctl 0x3f6 bmdma 0xd000 irq 14
[    0.690536] ata2: PATA max UDMA/33 cmd 0x170 ctl 0x376 bmdma 0xd008 irq 15
[    0.691644] libphy: Fixed MDIO Bus: probed
[    0.692313] tun: Universal TUN/TAP device driver, 1.6
[    0.693022] tun: (C) 1999-2004 Max Krasnyansky <maxk@qualcomm.com>
[    0.694035] PPP generic driver version 2.4.2
[    0.694789] ehci_hcd: USB 2.0 'Enhanced' Host Controller (EHCI) Driver
[    0.695657] ehci-pci: EHCI PCI platform driver
[    0.696265] ehci-platform: EHCI generic platform driver
[    0.697141] ohci_hcd: USB 1.1 'Open' Host Controller (OHCI) Driver
[    0.698006] ohci-pci: OHCI PCI platform driver
[    0.698681] ohci-platform: OHCI generic platform driver
[    0.699363] uhci_hcd: USB Universal Host Controller Interface driver
[    0.700238] i8042: PNP: PS/2 Controller [PNP0303:PS2K,PNP0f03:PS2M] at 0x60,0x64 irq 1,12
[    0.701809] serio: i8042 KBD port at 0x60,0x64 irq 1
[    0.702562] serio: i8042 AUX port at 0x60,0x64 irq 12
[    0.703403] mousedev: PS/2 mouse device common for all mice
[    0.704512] input: AT Translated Set 2 keyboard as /devices/platform/i8042/serio0/input/input2
[    0.706156] rtc_cmos rtc_cmos: rtc core: registered rtc_cmos as rtc0
[    0.707035] rtc_cmos rtc_cmos: alarms up to one day, 114 bytes nvram
[    0.707863] i2c /dev entries driver
[    0.708476] device-mapper: uevent: version 1.0.3
[    0.709307] device-mapper: ioctl: 4.34.0-ioctl (2015-10-28) initialised: dm-devel@redhat.com
[    0.710954] ledtrig-cpu: registered to indicate activity on CPUs
[    0.712175] NET: Registered protocol family 10
[    0.713046] NET: Registered protocol family 17
[    0.713757] Key type dns_resolver registered
[    0.714938] registered taskstats version 1
[    0.715621] Loading compiled-in X.509 certificates
[    0.716745] Loaded X.509 cert 'Build time autogenerated kernel key: cf00e047681d67edb2720680708b7d9498083038'
[    0.718116] zswap: loaded using pool lzo/zbud
[    0.720182] Key type trusted registered
[    0.723496] Key type encrypted registered
[    0.724174] AppArmor: AppArmor sha1 policy hashing enabled
[    0.724955] ima: No TPM chip found, activating TPM-bypass!
[    0.725729] ima: Allocated hash algorithm: sha1
[    0.726340] evm: HMAC attrs: 0x1
[    0.727212]   Magic number: 5:289:196
[    0.727939] rtc_cmos rtc_cmos: setting system clock to 2021-05-06 21:10:18 UTC (1620335418)
[    0.729313] BIOS EDD facility v0.16 2004-Jun-25, 0 devices found
[    0.730125] EDD information not available.
[    0.882468] Freeing unused kernel memory: 1492K
[    0.884826] Write protecting the kernel read-only data: 14336k
[    0.888243] Freeing unused kernel memory: 1584K
[    0.890243] Freeing unused kernel memory: 52K
Loading, please wait...
starting version 229
[    0.908382] random: systemd-udevd: uninitialized urandom read (16 bytes read, 3 bits of entropy available)
[    0.909066] random: udevadm: uninitialized urandom read (16 bytes read, 3 bits of entropy available)
[    0.909097] random: udevadm: uninitialized urandom read (16 bytes read, 3 bits of entropy available)
[    0.914413] random: systemd-udevd: uninitialized urandom read (16 bytes read, 3 bits of entropy available)
[    0.916143] random: systemd-udevd: uninitialized urandom read (16 bytes read, 3 bits of entropy available)
[    0.916681] random: udevadm: uninitialized urandom read (16 bytes read, 3 bits of entropy available)
[    0.916730] random: udevadm: uninitialized urandom read (16 bytes read, 3 bits of entropy available)
[    0.916863] random: udevadm: uninitialized urandom read (16 bytes read, 3 bits of entropy available)
[    0.916916] random: udevadm: uninitialized urandom read (16 bytes read, 3 bits of entropy available)
[    0.916967] random: udevadm: uninitialized urandom read (16 bytes read, 3 bits of entropy available)
[    0.954184] e1000: Intel(R) PRO/1000 Network Driver - version 7.3.21-k8-NAPI
[    0.955155] e1000: Copyright (c) 1999-2006 Intel Corporation.
[    0.960037] Fusion MPT base driver 3.04.20
[    0.960801] Copyright (c) 1999-2008 LSI Corporation
[    0.965999] Fusion MPT SPI Host driver 3.04.20
[    0.972569] AVX2 version of gcm_enc/dec engaged.
[    0.973271] AES CTR mode by8 optimization enabled
[    1.164625] input: ImExPS/2 Generic Explorer Mouse as /devices/platform/i8042/serio1/input/input4
[    1.289659] e1000 0000:00:03.0 eth0: (PCI:33MHz:32-bit) 02:ed:98:3c:8e:82
[    1.290688] e1000 0000:00:03.0 eth0: Intel(R) PRO/1000 Network Connection
[    1.622009] e1000 0000:00:08.0 eth1: (PCI:33MHz:32-bit) 08:00:27:1d:ee:4a
[    1.622984] e1000 0000:00:08.0 eth1: Intel(R) PRO/1000 Network Connection
[    1.625016] e1000 0000:00:03.0 enp0s3: renamed from eth0
[    1.626426] mptbase: ioc0: Initiating bringup
[    1.635573] e1000 0000:00:08.0 enp0s8: renamed from eth1
[    2.012191] ioc0: LSI53C1030 A0: Capabilities={Initiator}
[    4.329385] scsi host2: ioc0: LSI53C1030 A0, FwRev=00000000h, Ports=1, MaxQ=256, IRQ=20
[    6.005109] scsi 2:0:0:0: Direct-Access     VBOX     HARDDISK         1.0  PQ: 0 ANSI: 5
[    6.009739] scsi target2:0:0: Beginning Domain Validation
[    6.011572] scsi target2:0:0: Domain Validation skipping write tests
[    6.012416] scsi target2:0:0: Ending Domain Validation
[    6.013248] scsi target2:0:0: asynchronous
[    6.014464] scsi 2:0:1:0: Direct-Access     VBOX     HARDDISK         1.0  PQ: 0 ANSI: 5
[    6.015707] scsi target2:0:1: Beginning Domain Validation
[    6.023893] scsi target2:0:1: Domain Validation skipping write tests
[    6.024783] scsi target2:0:1: Ending Domain Validation
[    6.025580] scsi target2:0:1: asynchronous
[    6.029459] sd 2:0:0:0: [sda] 83886080 512-byte logical blocks: (42.9 GB/40.0 GiB)
[    6.029754] sd 2:0:0:0: Attached scsi generic sg0 type 0
[    6.029860] sd 2:0:1:0: Attached scsi generic sg1 type 0
[    6.030409] sd 2:0:1:0: [sdb] 20480 512-byte logical blocks: (10.5 MB/10.0 MiB)
[    6.030612] sd 2:0:1:0: [sdb] Write Protect is off
[    6.030681] sd 2:0:1:0: [sdb] Incomplete mode parameter data
[    6.030682] sd 2:0:1:0: [sdb] Assuming drive cache: write through
[    6.034081] sd 2:0:1:0: [sdb] Attached SCSI disk
[    6.036904] sd 2:0:0:0: [sda] Write Protect is off
[    6.037972] sd 2:0:0:0: [sda] Incomplete mode parameter data
[    6.038761] sd 2:0:0:0: [sda] Assuming drive cache: write through
[    6.040818]  sda: sda1
[    6.042219] sd 2:0:0:0: [sda] Attached SCSI disk
Begin: Loading essential drivers ... [    7.320876] md: linear personality registered for level -1
[    7.323667] md: multipath personality registered for level -4
[    7.326237] md: raid0 personality registered for level 0
[    7.329705] md: raid1 personality registered for level 1
[    7.407316] raid6: sse2x1   gen() 13762 MB/s
[    7.483145] raid6: sse2x1   xor() 12083 MB/s
[    7.559979] raid6: sse2x2   gen() 19526 MB/s
[    7.639819] raid6: sse2x2   xor() 14471 MB/s
[    7.719960] raid6: sse2x4   gen() 23629 MB/s
[    7.787281] raid6: sse2x4   xor() 12415 MB/s
[    7.863632] raid6: avx2x1   gen() 27784 MB/s
[    7.943965] raid6: avx2x2   gen() 37620 MB/s
[    8.012920] raid6: avx2x4   gen() 36401 MB/s
[    8.013638] raid6: using algorithm avx2x2 gen() 37620 MB/s
[    8.014393] raid6: using avx2x2 recovery algorithm
[    8.015915] xor: automatically using best checksumming function:
[    8.055319]    avx       : 26212.000 MB/sec
[    8.056984] async_tx: api initialized (async)
[    8.063723] md: raid6 personality registered for level 6
[    8.064622] md: raid5 personality registered for level 5
[    8.065301] md: raid4 personality registered for level 4
[    8.070270] md: raid10 personality registered for level 10
done.
Begin: Running /scripts/init-premount ... done.
Begin: Mounting root file system ... Begin: Running /scripts/local-top ... done.
Begin: Running /scripts/local-premount ... [    8.092892] Btrfs loaded
Scanning for Btrfs filesystems
done.
Warning: fsck not present, so skipping root file system
[    8.120417] EXT4-fs (sda1): mounted filesystem with ordered data mode. Opts: (null)
done.
Begin: Running /scripts/local-bottom ... done.
Begin: Running /scripts/init-bottom ... done.
[    8.281647] systemd[1]: systemd 229 running in system mode. (+PAM +AUDIT +SELINUX +IMA +APPARMOR +SMACK +SYSVINIT +UTMP +LIBCRYPTSETUP +GCRYPT +GNUTLS +ACL +XZ -LZ4 +SECCOMP +BLKID +ELFUTILS +KMOD -IDN)
[    8.289066] systemd[1]: Detected virtualization oracle.
[    8.290889] systemd[1]: Detected architecture x86-64.

Welcome to [1mUbuntu 16.04.7 LTS[0m!

[    8.300185] systemd[1]: Set hostname to <ubuntu>.
[    8.303670] systemd[1]: Initializing machine ID from random generator.
[    8.305155] systemd[1]: Installed transient /etc/machine-id file.
[    8.440923] systemd[1]: Listening on Syslog Socket.
[[0;32m  OK  [0m] Listening on Syslog Socket.
[    8.442188] systemd[1]: Listening on Journal Audit Socket.
[[0;32m  OK  [0m] Listening on Journal Audit Socket.
[    8.443619] systemd[1]: Created slice User and Session Slice.
[[0;32m  OK  [0m] Created slice User and Session Slice.
[    8.445041] systemd[1]: Set up automount Arbitrary Executable File Formats File System Automount Point.
[[0;32m  OK  [0m] Set up automount Arbitrary Executab...ats File System Automount Point.
[    8.447051] systemd[1]: Listening on Device-mapper event daemon FIFOs.
[[0;32m  OK  [0m] Listening on Device-mapper event daemon FIFOs.
[    8.448632] systemd[1]: Started Forward Password Requests to Wall Directory Watch.
[[0;32m  OK  [0m] Started Forward Password Requests to Wall Directory Watch.
[    8.450391] systemd[1]: Listening on udev Control Socket.
[[0;32m  OK  [0m] Listening on udev Control Socket.
[    8.451630] systemd[1]: Reached target User and Group Name Lookups.
[[0;32m  OK  [0m] Reached target User and Group Name Lookups.
[    8.453154] systemd[1]: Created slice System Slice.
[[0;32m  OK  [0m] Created slice System Slice.
[    8.454348] systemd[1]: Listening on Journal Socket (/dev/log).
[[0;32m  OK  [0m] Listening on Journal Socket (/dev/log).
[    8.455680] systemd[1]: Reached target System Time Synchronized.
[[0;32m  OK  [0m] Reached target System Time Synchronized.
[    8.457246] systemd[1]: Created slice system-serial\x2dgetty.slice.
[[0;32m  OK  [0m] Created slice system-serial\x2dgetty.slice.
[    8.458658] systemd[1]: Listening on LVM2 metadata daemon socket.
[[0;32m  OK  [0m] Listening on LVM2 metadata daemon socket.
[    8.460044] systemd[1]: Started Trigger resolvconf update for networkd DNS.
[[0;32m  OK  [0m] Started Trigger resolvconf update for networkd DNS.
[    8.461618] systemd[1]: Reached target Swap.
[[0;32m  OK  [0m] Reached target Swap.
[    8.462674] systemd[1]: Listening on LVM2 poll daemon socket.
[[0;32m  OK  [0m] Listening on LVM2 poll daemon socket.
[    8.464012] systemd[1]: Listening on Journal Socket.
[[0;32m  OK  [0m] Listening on Journal Socket.
[    8.475446] systemd[1]: Mounting Debug File System...
         Mounting Debug File System...
[    8.477300] systemd[1]: Mounting POSIX Message Queue File System...
         Mounting POSIX Message Queue File System...
[    8.479312] systemd[1]: Mounting Huge Pages File System...
         Mounting Huge Pages File System...
[    8.481115] systemd[1]: Starting Nameserver information manager...
         Starting Nameserver information manager...
[    8.484909] systemd[1]: Starting Load Kernel Modules...
         Starting Load Kernel Modules...
[    8.486785] systemd[1]: Starting Uncomplicated firewall...
         Starting Uncomplicated firewall...
[    8.488465] systemd[1]: Starting Journal Service...
         Starting Journal Service...
[    8.490017] systemd[1]: Starting Monitoring of LVM2 mirrors, snapshots etc. using dmeventd or progress polling...
         Starting Monitoring of LVM2 mirrors... dmeventd or progress polling...
[    8.492519] systemd[1]: Starting Set console keymap...
         Starting Set console keymap...
[    8.493703] systemd[1]: Reached target Encrypted Volumes.
[[0;32m  OK  [0m] Reached target Encrypted Volumes.
[    8.495424] systemd[1]: Listening on /dev/initctl Compatibility Named Pipe.
[[0;32m  OK  [0m] Listening on /dev/initctl Compatibility Named Pipe.
[    8.497719] systemd[1]: Starting Create list of required static device nodes for the current kernel...
[    8.499371] Loading iSCSI transport class v2.0-870.
         Starting Create list of required st... nodes for the current kernel...
[    8.500642] systemd[1]: Listening on udev Kernel Socket.
[[0;32m  OK  [0m] Listening on udev Kernel Socket.
[    8.508761] iscsi: registered transport (tcp)
[    8.511543] systemd[1]: Listening on fsck to fsckd communication Socket.
[[0;32m  OK  [0m] Listening on fsck to fsckd communication Socket.
[    8.527087] iscsi: registered transport (iser)
[    8.531505] systemd[1]: Starting File System Check on Root Device...
         Starting File System Check on Root Device...
[    8.533103] systemd[1]: Reached target Slices.
[[0;32m  OK  [0m] Reached target Slices.
[    8.544631] systemd[1]: Mounted POSIX Message Queue File System.
[[0;32m  OK  [0m] Mounted POSIX Message Queue File System.
[    8.555962] systemd[1]: Mounted Debug File System.
[[0;32m  OK  [[    8.560442] systemd[1]: Mounted Huge Pages File System.
0m] Mounted Debug File System.
[[0;32m  OK  [0m] Mounted Huge Pages File System.
[    8.566996] systemd[1]: Started Journal Service.
[[0;32m  OK  [0m] Started Journal Service.
[[0;32m  OK  [0m] Started Load Kernel Modules.
[[0;32m  OK  [0m] Started Uncomplicated firewall.
[[0;32m  OK  [0m] Started Set console keymap.
[[0;32m  OK  [0m] Started Create list of required sta...ce nodes for the current kernel.
[[0;32m  OK  [0m] Started File System Check on Root Device.
[[0;32m  OK  [0m] Started Nameserver information manager.
[[0;32m  OK  [0m] Started LVM2 metadata daemon.
[[0;32m  OK  [0m] Started File System Check Daemon to report status.
         Starting Remount Root and Kernel File Systems...
         Starting Create Static Device Nodes in /dev...
         Mounting FUSE Control File System...
         Starting Apply Kernel Variables.[    8.637997] EXT4-fs (sda1): re-mounted. Opts: (null)
..
[[0;32m  OK  [0m] Started Remount Root and Kernel File Systems.
[[0;32m  OK  [0m] Mounted FUSE Control File System.
         Starting udev Coldplug all Devices...
         Starting Flush Journal to Persistent Storage...
         Starting Load/Save Random Seed...
[[0;32m  OK  [0m] Started Apply Kernel Variables.
[[0;32m  OK  [0m] Started Load/Save Random Seed.
[[0;32m  OK  [0m] Started Create Static Device Nodes in /dev.
[[0;32m  OK  [0m] Started Flush Journal to Persistent Storage.
         Starting udev Kernel Device Manager...
[[0;32m  OK  [0m] Started udev Coldplug all Devices.
[[0;32m  OK  [0m] Started udev Kernel Device Manager.
[[0;32m  OK  [0m] Started Dispatch Password Requests to Console Directory Watch.
[[0;32m  OK  [0m] Found device /dev/ttyS0.
[[0;32m  OK  [0m] Listening on Load/Save RF Kill Switch Status /dev/rfkill Watch.
[[0;32m  OK  [0m] Started Monitoring of LVM2 mirrors,...ng dmeventd or progress polling.
[[0;32m  OK  [0m] Reached target Local File Systems (Pre).
[[0;32m  OK  [0m] Reached target Local File Systems.
         Starting Commit a transient machine-id on disk...
         Starting Set console font and keymap...
         Starting Create Volatile Files and Directories...
         Starting LSB: AppArmor initialization...
         Starting Initial cloud-init job (pre-networking)...
         Starting Tell Plymouth To Write Out Runtime Data...
[[0;32m  OK  [0m] Started Create Volatile Files and Directories.
[[0;32m  OK  [0m] Started Commit a transient machine-id on disk.
[[0;32m  OK  [0m] Started Tell Plymouth To Write Out Runtime Data.
         Starting Update UTMP about System Boot/Shutdown...
[[0;32m  OK  [0m] Started Update UTMP about System Boot/Shutdown.
[[0;32m  OK  [0m] Started Set console font and keymap.
[[0;32m  OK  [0m] Created slice system-getty.slice.
[[0;32m  OK  [0m] Started LSB: AppArmor initialization.
         Starting Load AppArmor profiles managed internally by snapd...
[[0;32m  OK  [0m] Started Load AppArmor profiles managed internally by snapd.
[    9.736474] cloud-init[623]: Cloud-init v. 21.1-19-gbad84ad4-0ubuntu1~16.04.2 running 'init-local' at Thu, 06 May 2021 21:10:27 +0000. Up 9.53 seconds.
[[0;32m  OK  [0m] Started Initial cloud-init job (pre-networking).
[[0;32m  OK  [0m] Reached target Network (Pre).
         Starting Raise network interfaces...
[[0;32m  OK  [0m] Started Raise network interfaces.
[[0;32m  OK  [0m] Reached target Network.
         Starting Initial cloud-init job (metadata service crawler)...
[   10.529405] cloud-init[960]: Cloud-init v. 21.1-19-gbad84ad4-0ubuntu1~16.04.2 running 'init' at Thu, 06 May 2021 21:10:28 +0000. Up 10.11 seconds.
[   10.530532] cloud-init[960]: ci-info: ++++++++++++++++++++++++++++++++++++++Net device info+++++++++++++++++++++++++++++++++++++++
[   10.531566] cloud-init[960]: ci-info: +--------+-------+----------------------------+---------------+--------+-------------------+
[   10.532707] cloud-init[960]: ci-info: | Device |   Up  |          Address           |      Mask     | Scope  |     Hw-Address    |
[   10.533626] cloud-init[960]: ci-info: +--------+-------+----------------------------+---------------+--------+-------------------+
[   10.534498] cloud-init[960]: ci-info: | enp0s3 |  True |         10.0.2.15          | 255.255.255.0 | global | 02:ed:98:3c:8e:82 |
[   10.535388] cloud-init[960]: ci-info: | enp0s3 |  True | fe80::ed:98ff:fe3c:8e82/64 |       .       |  link  | 02:ed:98:3c:8e:82 |
[   10.536404] cloud-init[960]: ci-info: | enp0s8 | False |             .              |       .       |   .    | 08:00:27:1d:ee:4a |
[   10.537301] cloud-init[960]: ci-info: |   lo   |  True |         127.0.0.1          |   255.0.0.0   |  host  |         .         |
[   10.538319] cloud-init[960]: ci-info: |   lo   |  True |          ::1/128           |       .       |  host  |         .         |
[   10.539295] cloud-init[960]: ci-info: +--------+-------+----------------------------+---------------+--------+-------------------+
[   10.540226] cloud-init[960]: ci-info: +++++++++++++++++++++++++++Route IPv4 info++++++++++++++++++++++++++++
[   10.541106] cloud-init[960]: ci-info: +-------+-------------+----------+---------------+-----------+-------+
[   10.542125] cloud-init[960]: ci-info: | Route | Destination | Gateway  |    Genmask    | Interface | Flags |
[   10.543123] cloud-init[960]: ci-info: +-------+-------------+----------+---------------+-----------+-------+
[   10.544004] cloud-init[960]: ci-info: |   0   |   0.0.0.0   | 10.0.2.2 |    0.0.0.0    |   enp0s3  |   UG  |
[   10.544943] cloud-init[960]: ci-info: |   1   |   10.0.2.0  | 0.0.0.0  | 255.255.255.0 |   enp0s3  |   U   |
[   10.545847] cloud-init[960]: ci-info: +-------+-------------+----------+---------------+-----------+-------+
[   10.546799] cloud-init[960]: ci-info: +++++++++++++++++++Route IPv6 info+++++++++++++++++++
[   10.547614] cloud-init[960]: ci-info: +-------+-------------+---------+-----------+-------+
[   10.556390] cloud-init[960]: ci-info: | Route | Destination | Gateway | Interface | Flags |
[   10.564390] cloud-init[960]: ci-info: +-------+-------------+---------+-----------+-------+
[   10.565072] cloud-init[960]: ci-info: |   0   |  fe80::/64  |    ::   |   enp0s3  |   U   |
[   10.565918] cloud-init[960]: ci-info: |   3   |   ff00::/8  |    ::   |   enp0s3  |   U   |
[   10.566747] cloud-init[960]: ci-info: +-------+-------------+---------+-----------+-------+
[   10.567470] cloud-init[960]: Generating public/private rsa key pair.
[   10.568151] cloud-init[960]: Your identification has been saved in /etc/ssh/ssh_host_rsa_key.
[   10.568870] cloud-init[960]: Your public key has been saved in /etc/ssh/ssh_host_rsa_key.pub.
[   10.569750] cloud-init[960]: The key fingerprint is:
[   10.570264] cloud-init[960]: SHA256:D4On76OJ5Bwd63jh5KocL2nTgkFQyHSyy6Xb/XpxzC0 root@ubuntu-xenial
[   10.571112] cloud-init[960]: The key's randomart image is:
[   10.571734] cloud-init[960]: +---[RSA 2048]----+
[   10.572333] cloud-init[960]: |o=..             |
[   10.572903] cloud-init[960]: |o.+              |
[   10.573478] cloud-init[960]: |.. .             |
[   10.573907] cloud-init[960]: |..+    .         |
[   10.574476] cloud-init[960]: |.+    o S .      |
[   10.575168] cloud-init[960]: |. o ..o* E .     |
[   10.575728] cloud-init[960]: | +.+o=+.o o      |
[   10.576266] cloud-init[960]: |..**.==+.        |
[   10.576776] cloud-init[960]: | .o=B+*+o.       |
[   10.577350] cloud-init[960]: +----[SHA256]-----+
[   10.577765] cloud-init[960]: Generating public/private dsa key pair.
[   10.578457] cloud-init[960]: Your identification has been saved in /etc/ssh/ssh_host_dsa_key.
[   10.579261] cloud-init[960]: Your public key has been saved in /etc/ssh/ssh_host_dsa_key.pub.
[   10.580148] cloud-init[960]: The key fingerprint is:
[   10.580274] cloud-init[960]: SHA256:5UymucRjZNaQKzu83IdGr4DyXEVRKG95QTZV66rAQpw root@ubuntu-xenial
[[0;32m  OK  [0m] Started Initial cloud-init job (metadata service crawler).
[[   10.580396] [0;32m  OK  [0mcloud-init] [960]: Reached target Cloud-config availability.The key's randomart image is:

[   10.582450] cloud-init[960]: +---[DSA 1024]----+
[   10.582558] cloud-init[960]: |        o==....  |
[   10.582720] cloud-init[960]: |      . o=..   . |
[   10.582981] cloud-init[960]: |       o=o=.  .  |
[   10.583256] cloud-init[960]: |     ..B=O.  .   |
[   10.583523] cloud-init[960]: |     .E+S.o   .  |
[   10.583780] cloud-init[960]: |     o+=.o   .   |
[   10.584076] cloud-init[960]: |  . ..+=+o  .    |
[   10.584339] cloud-init[960]: |   + .oo+.o.     |
[   10.584598] cloud-init[960]: |    o  ..o.      |
[   10.584853] cloud-init[960]: +----[SHA256]-----+
[   10.585142] cloud-init[960]: Generating public/private ecdsa key pair.
[   10.585439] cloud-init[960]: Your identification has been saved in /etc/ssh/ssh_host_ecdsa_key.
[   10.585738] cloud-init[960]: Your public key has been saved in /etc/ssh/ssh_host_ecdsa_key.pub.
[   10.586012] cloud-init[960]: The key fingerprint is:
[   10.586302] cloud-init[960]: SHA256:0O+Z04p7ZDsAcpi96dJbUST0pBX/08H2AJO3X7VGPK4 root@ubuntu-xenial
[   10.586560] cloud-init[960]: The key's randomart image is:
[   10.586818] cloud-init[960]: +---[ECDSA 256]---+
[   10.587075] cloud-init[960]: |       .o =.o..  |
[   10.587365] cloud-init[960]: |       . B ..oo+.|
[   10.587622] cloud-init[960]: |     +. o o ..+=+|
[   10.587882] cloud-init[960]: |    + +. o   .o*+|
[   10.588350] cloud-init[960]: |     o +S .   =.+|
[   10.588602] cloud-init[960]: |      o .oo+ E ..|
[   10.588859] cloud-init[960]: |     o  .+=..    |
[   10.589118] cloud-init[960]: |    . o. .+o     |
[   10.589409] cloud-init[960]: |     ...oo..     |
[   10.589665] cloud-init[960]: +----[SHA256]-----+
[   10.589923] cloud-init[960]: Generating public/private ed25519 key pair.
[   10.590182] cloud-init[960]: Your identification has been saved in /etc/ssh/ssh_host_ed25519_key.
[   10.590472] cloud-init[960]: Your public key has been saved in /etc/ssh/ssh_host_ed25519_key.pub.
[   10.590727] cloud-init[960]: The key fingerprint is:
[   10.591014] cloud-init[960]: SHA256:Cy1eY0kiLAiR41adP9bPV+XTYx/aGJozUv3op1n5L3k root@ubuntu-xenial
[   10.591306] cloud-init[960]: The key's randomart image is:
[   10.591379] cloud-init[960]: +--[ED25519 256]--+
[   10.591648] cloud-init[960]: |oo  . .          |
[   10.591918] cloud-init[960]: |+. o o          .|
[   10.592415] cloud-init[960]: |o.o o o o   .  .o|
[   10.592660] cloud-init[960]: | o . . B o . o *o|
[   10.592917] cloud-init[960]: |.     + S + o X =|
[   10.593177] cloud-init[960]: |     . = + B = oo|
[   10.593470] cloud-init[960]: |      . . . =  + |
[   10.593727] cloud-init[960]: |             .=.E|
[   10.593987] cloud-init[960]: |             ooo+|
[   10.594278] cloud-init[960]: +----[SHA256]-----+
[[0;32m  OK  [0m] Reached target System Initialization.
[[0;32m  OK  [0m] Started Daily Cleanup of Temporary Directories.
[[0;32m  OK  [0m] Started Daily apt download activities.
[[0;32m  OK  [0m] Started Daily apt upgrade and clean activities.
[[0;32m  OK  [0m] Listening on ACPID Listen Socket.
[[0;32m  OK  [0m] Listening on UUID daemon activation socket.
         Starting Socket activation for snappy daemon.
[[0;32m  OK  [0m] Started Message of the Day.
[[0;32m  OK  [0m] Reached target Timers.
[[0;32m  OK  [0m] Started ACPI Events Check.
[[0;32m  OK  [0m] Reached target Paths.
[[0;32m  OK  [0m] Listening on D-Bus System Message Bus Socket.
         Starting LXD - unix socket.
[[0;32m  OK  [0m] Reached target Network is Online.
         Starting iSCSI initiator daemon (iscsid)...
[[0;32m  OK  [0m] Listening on Socket activation for snappy daemon.
[[0;32m  OK  [0m] Listening on LXD - unix socket.
[[0;32m  OK  [0m] Reached target Sockets.
[[0;32m  OK  [0m] Reached target Basic System.
[[0;32m  OK  [0m] Started D-Bus System Message Bus.
         Starting System Logging Service...
         Starting LSB: MD monitoring daemon...
[[0;32m  OK  [0m] Started FUSE filesystem for LXC.
         Starting LSB: Record successful boot for GRUB...
         Starting /etc/rc.local Compatibility...
[[0;32m  OK  [0m] Started ACPI event daemon.
         Starting Virtualbox guest utils...
[[0;32m  OK  [0m] Started Deferred execution scheduler.
         Starting Pollinate to seed the pseudo random number generator...
[[0;32m  OK  [0m] Started Regular background program processing daemon.
         Starting LXD - container startup/shutdown...
         Starting Accounts Service...
         Starting Login Service...
         Starting Snap Daemon...
[[0;32m  OK  [0m] Started /etc/rc.local Compatibility.
[[0;32m  OK  [0m] Started Login Service.
[[0;32m  OK  [0m] Started Unattended Upgrades Shutdown.
[[0;32m  OK  [0m] Started iSCSI initiator daemon (iscsid).
         Starting Login to default iSCSI targets...
[[0;32m  OK  [0m] Started System Logging Service.
[[0;32m  OK  [0m] Started LSB: MD monitoring daemon.
[[0;32m  OK  [0m] Started LSB: Record successful boot for GRUB.
[[0;32m  OK  [0m] Started Login to default iSCSI targets.
[[0;32m  OK  [0m] Reached target Remote File Systems (Pre).
[[0;32m  OK  [0m] Reached target Remote File Systems.
         Starting LSB: automatic crash report generation...
         Starting LSB: daemon to balance interrupts for SMP systems...
         Starting Permit User Sessions...
         Starting LSB: Set the CPU Frequency Scaling governor to "ondemand"...
[[0;32m  OK  [0m] Started Permit User Sessions.
         Starting Hold until boot process finishes up...
         Starting Terminate Plymouth Boot Screen...
[[0;32m  OK  [0m] Started Hold until boot process finishes up.
         Starting Authenticate and Authorize Users to Run Privileged Tasks...
[[0;32m  OK  [0m] Started Getty on tty1.
         Starting Set console scheme...
[[0;32m  OK  [0m] Started Serial Getty on ttyS0.
[[0;32m  OK  [0m] Reached target Login Prompts.
[[0;32m  OK  [0m] Started Terminate Plymouth Boot Screen.
[[0;32m  OK  [0m] Started Set console scheme.
[[0;32m  OK  [0m] Started LSB: Set the CPU Frequency Scaling governor to "ondemand".
[[0;32m  OK  [0m] Started LSB: daemon to balance interrupts for SMP systems.
[[0;32m  OK  [0m] Started Authenticate and Authorize Users to Run Privileged Tasks.
[[0;32m  OK  [0m] Started Accounts Service.
[[0;32m  OK  [0m] Started Virtualbox guest utils.
[[0;32m  OK  [0m] Started LSB: automatic crash report generation.
[[0;32m  OK  [0m] Started LXD - container startup/shutdown.
[[0;32m  OK  [0m] Started Snap Daemon.
         Starting Wait until snapd is fully seeded...
[[0;32m  OK  [0m] Started Pollinate to seed the pseudo random number generator.
         Starting OpenBSD Secure Shell server...
[[0;32m  OK  [0m] Started OpenBSD Secure Shell server.
[[0;32m  OK  [0m] Started Wait until snapd is fully seeded.
         Starting Apply the settings specified in cloud-config...
[[0;32m  OK  [0m] Reached target Multi-User System.
[[0;32m  OK  [0m] Reached target Graphical Interface.
         Starting Update UTMP about System Runlevel Changes...
[[0;32m  OK  [0m] Started Update UTMP about System Runlevel Changes.
[   11.952147] cloud-init[1304]: Generating locales (this might take a while)...
[[0;32m  OK  [0m] Created slice User Slice of vagrant.
         Starting User Manager for UID 1000...
[[0;32m  OK  [0m] Started Session 1 of user vagrant.
[[0;32m  OK  [0m] Started User Manager for UID 1000.
[   12.446989] cloud-init[1304]:   en_US.UTF-8... done
[   12.448465] cloud-init[1304]: Generation complete.
[   12.712268] cloud-init[1304]: Cloud-init v. 21.1-19-gbad84ad4-0ubuntu1~16.04.2 running 'modules:config' at Thu, 06 May 2021 21:10:29 +0000. Up 11.88 seconds.
[[0;32m  OK  [0m] Started Apply the settings specified in cloud-config.
         Starting Execute cloud user/final scripts...
ci-info: no authorized SSH keys fingerprints found for user ubuntu.
<14>May  6 21:10:30 ec2: 
<14>May  6 21:10:30 ec2: #############################################################
<14>May  6 21:10:30 ec2: -----BEGIN SSH HOST KEY FINGERPRINTS-----
<14>May  6 21:10:30 ec2: 1024 SHA256:5UymucRjZNaQKzu83IdGr4DyXEVRKG95QTZV66rAQpw root@ubuntu-xenial (DSA)
<14>May  6 21:10:30 ec2: 256 SHA256:0O+Z04p7ZDsAcpi96dJbUST0pBX/08H2AJO3X7VGPK4 root@ubuntu-xenial (ECDSA)
<14>May  6 21:10:30 ec2: 256 SHA256:Cy1eY0kiLAiR41adP9bPV+XTYx/aGJozUv3op1n5L3k root@ubuntu-xenial (ED25519)
<14>May  6 21:10:30 ec2: 2048 SHA256:D4On76OJ5Bwd63jh5KocL2nTgkFQyHSyy6Xb/XpxzC0 root@ubuntu-xenial (RSA)
<14>May  6 21:10:30 ec2: -----END SSH HOST KEY FINGERPRINTS-----
<14>May  6 21:10:30 ec2: #############################################################
-----BEGIN SSH HOST KEY KEYS-----
ecdsa-sha2-nistp256 AAAAE2VjZHNhLXNoYTItbmlzdHAyNTYAAAAIbmlzdHAyNTYAAABBBDDRcYfRiRGqksOCbVRO5ALFgfxTfLmt9UmXxPGlHjD58gzhv3hioZOelySrrbXv+8EuEJkk5iVbFjki7RLuRuw= root@ubuntu-xenial
ssh-ed25519 AAAAC3NzaC1lZDI1NTE5AAAAIFocwI06Lww2+kboMjoElxWdU7+DcbWndO884n4NLlYQ root@ubuntu-xenial
ssh-rsa AAAAB3NzaC1yc2EAAAADAQABAAABAQD6V0CtQkq40ukhvpGl0V620nVDm7dXcq7MRfOXA6xfXUyOL+FAyGDZG91RL5WWePwlyR0Gv6Iw8EtOeKY5UziB+BBvefOQwSo5zmGbV8Kw2+C5cNGfcNRbJgsR8M8inGjxnq4fhtvxP1ZP/leaZcXfKhRunnBmFcLPdtB+oYPVX2idxHQ9/6kDMtEg1T/KcSqlnohwpET87kjkzyU8Rn9k6JEsdO8Bdh3mh/LCNmC2iTDXkMo/Wpjz934OAf19xJfrrktIZnyoazTcEdB3nhQb8RYdlH8EtIPgHaqNbV4sG4bpAEZB/n86es6XLP4ZejTcC3F3I7RolltWJsCZE7fd root@ubuntu-xenial
-----END SSH HOST KEY KEYS-----
[   13.071438] cloud-init[1416]: Cloud-init v. 21.1-19-gbad84ad4-0ubuntu1~16.04.2 running 'modules:final' at Thu, 06 May 2021 21:10:30 +0000. Up 12.95 seconds.
[   13.072708] cloud-init[1416]: ci-info: no authorized SSH keys fingerprints found for user ubuntu.
[   13.073650] cloud-init[1416]: Cloud-init v. 21.1-19-gbad84ad4-0ubuntu1~16.04.2 finished at Thu, 06 May 2021 21:10:30 +0000. Datasource DataSourceNoCloud [seed=/dev/sdb][dsmode=net].  Up 13.06 seconds
[[0;32m  OK  [0m] Started Execute cloud user/final scripts.
[[0;32m  OK  [0m] Reached target Cloud-init target.

Ubuntu 16.04.7 LTS ubuntu-xenial ttyS0

ubuntu-xenial login: 