[    0.000000] Initializing cgroup subsys cpuset
[    0.000000] Initializing cgroup subsys cpu
[    0.000000] Initializing cgroup subsys cpuacct
[    0.000000] Linux version 4.4.0-210-generic (buildd@lgw01-amd64-009) (gcc version 5.4.0 20160609 (Ubuntu 5.4.0-6ubuntu1~16.04.12) ) #242-Ubuntu SMP Fri Apr 16 09:57:56 UTC 2021 (Ubuntu 4.4.0-210.242-generic 4.4.262)
[    0.000000] Command line: BOOT_IMAGE=/boot/vmlinuz-4.4.0-210-generic root=LABEL=cloudimg-rootfs ro console=tty1 console=ttyS0
[    0.000000] KERNEL supported cpus:
[    0.000000]   Intel GenuineIntel
[    0.000000]   AMD AuthenticAMD
[    0.000000]   Centaur CentaurHauls
[    0.000000] x86/fpu: xstate_offset[2]:  576, xstate_sizes[2]:  256
[    0.000000] x86/fpu: Supporting XSAVE feature 0x01: 'x87 floating point registers'
[    0.000000] x86/fpu: Supporting XSAVE feature 0x02: 'SSE registers'
[    0.000000] x86/fpu: Supporting XSAVE feature 0x04: 'AVX registers'
[    0.000000] x86/fpu: Enabled xstate features 0x7, context size is 832 bytes, using 'standard' format.
[    0.000000] e820: BIOS-provided physical RAM map:
[    0.000000] BIOS-e820: [mem 0x0000000000000000-0x000000000009fbff] usable
[    0.000000] BIOS-e820: [mem 0x000000000009fc00-0x000000000009ffff] reserved
[    0.000000] BIOS-e820: [mem 0x00000000000f0000-0x00000000000fffff] reserved
[    0.000000] BIOS-e820: [mem 0x0000000000100000-0x000000007ffeffff] usable
[    0.000000] BIOS-e820: [mem 0x000000007fff0000-0x000000007fffffff] ACPI data
[    0.000000] BIOS-e820: [mem 0x00000000fec00000-0x00000000fec00fff] reserved
[    0.000000] BIOS-e820: [mem 0x00000000fee00000-0x00000000fee00fff] reserved
[    0.000000] BIOS-e820: [mem 0x00000000fffc0000-0x00000000ffffffff] reserved
[    0.000000] NX (Execute Disable) protection: active
[    0.000000] SMBIOS 2.5 present.
[    0.000000] Hypervisor detected: KVM
[    0.000000] e820: last_pfn = 0x7fff0 max_arch_pfn = 0x400000000
[    0.000000] MTRR: Disabled
[    0.000000] x86/PAT: MTRRs disabled, skipping PAT initialization too.
[    0.000000] CPU MTRRs all blank - virtualized system.
[    0.000000] x86/PAT: Configuration [0-7]: WB  WT  UC- UC  WB  WT  UC- UC  
[    0.000000] found SMP MP-table at [mem 0x0009fff0-0x0009ffff] mapped at [ffff88000009fff0]
[    0.000000] Scanning 1 areas for low memory corruption
[    0.000000] RAMDISK: [mem 0x362de000-0x37166fff]
[    0.000000] ACPI: Early table checksum verification disabled
[    0.000000] ACPI: RSDP 0x00000000000E0000 000024 (v02 VBOX  )
[    0.000000] ACPI: XSDT 0x000000007FFF0030 00003C (v01 VBOX   VBOXXSDT 00000001 ASL  00000061)
[    0.000000] ACPI: FACP 0x000000007FFF00F0 0000F4 (v04 VBOX   VBOXFACP 00000001 ASL  00000061)
[    0.000000] ACPI: DSDT 0x000000007FFF0480 002325 (v02 VBOX   VBOXBIOS 00000002 INTL 20100528)
[    0.000000] ACPI: FACS 0x000000007FFF0200 000040
[    0.000000] ACPI: FACS 0x000000007FFF0200 000040
[    0.000000] ACPI: APIC 0x000000007FFF0240 00006C (v02 VBOX   VBOXAPIC 00000001 ASL  00000061)
[    0.000000] ACPI: SSDT 0x000000007FFF02B0 0001CC (v01 VBOX   VBOXCPUT 00000002 INTL 20100528)
[    0.000000] No NUMA configuration found
[    0.000000] Faking a node at [mem 0x0000000000000000-0x000000007ffeffff]
[    0.000000] NODE_DATA(0) allocated [mem 0x7ffeb000-0x7ffeffff]
[    0.000000] kvm-clock: Using msrs 4b564d01 and 4b564d00
[    0.000000] kvm-clock: cpu 0, msr 0:7ffe3001, primary cpu clock
[    0.000000] kvm-clock: using sched offset of 2982042271 cycles
[    0.000000] clocksource: kvm-clock: mask: 0xffffffffffffffff max_cycles: 0x1cd42e4dffb, max_idle_ns: 881590591483 ns
[    0.000000] Zone ranges:
[    0.000000]   DMA      [mem 0x0000000000001000-0x0000000000ffffff]
[    0.000000]   DMA32    [mem 0x0000000001000000-0x000000007ffeffff]
[    0.000000]   Normal   empty
[    0.000000]   Device   empty
[    0.000000] Movable zone start for each node
[    0.000000] Early memory node ranges
[    0.000000]   node   0: [mem 0x0000000000001000-0x000000000009efff]
[    0.000000]   node   0: [mem 0x0000000000100000-0x000000007ffeffff]
[    0.000000] Initmem setup node 0 [mem 0x0000000000001000-0x000000007ffeffff]
[    0.000000] ACPI: PM-Timer IO Port: 0x4008
[    0.000000] IOAPIC[0]: apic_id 4, version 32, address 0xfec00000, GSI 0-23
[    0.000000] ACPI: INT_SRC_OVR (bus 0 bus_irq 0 global_irq 2 dfl dfl)
[    0.000000] ACPI: INT_SRC_OVR (bus 0 bus_irq 9 global_irq 9 low level)
[    0.000000] Using ACPI (MADT) for SMP configuration information
[    0.000000] smpboot: Allowing 4 CPUs, 0 hotplug CPUs
[    0.000000] PM: Registered nosave memory: [mem 0x00000000-0x00000fff]
[    0.000000] PM: Registered nosave memory: [mem 0x0009f000-0x0009ffff]
[    0.000000] PM: Registered nosave memory: [mem 0x000a0000-0x000effff]
[    0.000000] PM: Registered nosave memory: [mem 0x000f0000-0x000fffff]
[    0.000000] e820: [mem 0x80000000-0xfebfffff] available for PCI devices
[    0.000000] Booting paravirtualized kernel on KVM
[    0.000000] clocksource: refined-jiffies: mask: 0xffffffff max_cycles: 0xffffffff, max_idle_ns: 7645519600211568 ns
[    0.000000] setup_percpu: NR_CPUS:512 nr_cpumask_bits:512 nr_cpu_ids:4 nr_node_ids:1
[    0.000000] PERCPU: Embedded 33 pages/cpu @ffff88007fc00000 s95192 r8192 d31784 u524288
[    0.000000] Built 1 zonelists in Node order, mobility grouping on.  Total pages: 515960
[    0.000000] Policy zone: DMA32
[    0.000000] Kernel command line: BOOT_IMAGE=/boot/vmlinuz-4.4.0-210-generic root=LABEL=cloudimg-rootfs ro console=tty1 console=ttyS0
[    0.000000] PID hash table entries: 4096 (order: 3, 32768 bytes)
[    0.000000] Memory: 2029724K/2096696K available (8644K kernel code, 1332K rwdata, 4044K rodata, 1492K init, 1164K bss, 66972K reserved, 0K cma-reserved)
[    0.000000] SLUB: HWalign=64, Order=0-3, MinObjects=0, CPUs=4, Nodes=1
[    0.000000] Kernel/User page tables isolation: enabled
[    0.000000] Hierarchical RCU implementation.
[    0.000000] 	Build-time adjustment of leaf fanout to 64.
[    0.000000] 	RCU restricting CPUs from NR_CPUS=512 to nr_cpu_ids=4.
[    0.000000] RCU: Adjusting geometry for rcu_fanout_leaf=64, nr_cpu_ids=4
[    0.000000] NR_IRQS:33024 nr_irqs:456 16
[    0.000000] Console: colour VGA+ 80x25
[    0.000000] console [tty1] enabled
[    0.000000] console [ttyS0] enabled
[    0.000000] tsc: Detected 3600.056 MHz processor
[    0.099718] Calibrating delay loop (skipped) preset value.. 7200.11 BogoMIPS (lpj=14400224)
[    0.100890] pid_max: default: 32768 minimum: 301
[    0.101578] ACPI: Core revision 20150930
[    0.102788] ACPI: 2 ACPI AML tables successfully acquired and loaded
[    0.103730] Security Framework initialized
[    0.104331] Yama: becoming mindful.
[    0.104877] AppArmor: AppArmor initialized
[    0.105872] Dentry cache hash table entries: 262144 (order: 9, 2097152 bytes)
[    0.106945] Inode-cache hash table entries: 131072 (order: 8, 1048576 bytes)
[    0.108288] Mount-cache hash table entries: 4096 (order: 3, 32768 bytes)
[    0.109113] Mountpoint-cache hash table entries: 4096 (order: 3, 32768 bytes)
[    0.110650] Initializing cgroup subsys io
[    0.111225] Initializing cgroup subsys memory
[    0.111858] Initializing cgroup subsys devices
[    0.112491] Initializing cgroup subsys freezer
[    0.113088] Initializing cgroup subsys net_cls
[    0.113721] Initializing cgroup subsys perf_event
[    0.114358] Initializing cgroup subsys net_prio
[    0.115001] Initializing cgroup subsys hugetlb
[    0.115696] Initializing cgroup subsys pids
[    0.126631] mce: CPU supports 0 MCE banks
[    0.127242] Last level iTLB entries: 4KB 128, 2MB 8, 4MB 8
[    0.127939] Last level dTLB entries: 4KB 64, 2MB 0, 4MB 0, 1GB 4
[    0.128686] Spectre V1 : Mitigation: usercopy/swapgs barriers and __user pointer sanitization
[    0.129844] Spectre V2 : Mitigation: Full generic retpoline
[    0.130558] Spectre V2 : Spectre v2 / SpectreRSB mitigation: Filling RSB on context switch
[    0.131667] Speculative Store Bypass: Vulnerable
[    0.132314] SRBDS: Unknown: Dependent on hypervisor status
[    0.133099] MDS: Mitigation: Clear CPU buffers
[    0.135636] Freeing SMP alternatives memory: 36K
[    0.140686] ftrace: allocating 32380 entries in 127 pages
[    0.183531] smpboot: APIC(0) Converting physical 0 to logical package 0
[    0.184407] smpboot: Max logical packages: 1
[    0.185172] x2apic enabled
[    0.185776] Switched APIC routing to physical x2apic.
[    0.187241] ..TIMER: vector=0x30 apic1=0 pin1=2 apic2=-1 pin2=-1
[    0.296080] smpboot: CPU0: Intel(R) Core(TM) i5-8600K CPU @ 3.60GHz (family: 0x6, model: 0x9e, stepping: 0xa)
[    0.297626] Performance Events: unsupported p6 CPU model 158 no PMU driver, software events only.
[    0.306908] KVM setup paravirtual spinlock
[    0.308539] x86: Booting SMP configuration:
[    0.309149] .... node  #0, CPUs:      #1
[    0.309771] kvm-clock: cpu 1, msr 0:7ffe3041, secondary cpu clock
[    0.320725] mce: CPU supports 0 MCE banks
[    0.323188]  #2
[    0.323564] kvm-clock: cpu 2, msr 0:7ffe3081, secondary cpu clock
[    0.334968] mce: CPU supports 0 MCE banks
[    0.337529]  #3
[    0.337896] kvm-clock: cpu 3, msr 0:7ffe30c1, secondary cpu clock
[    0.349004] mce: CPU supports 0 MCE banks
[    0.351465] x86: Booted up 1 node, 4 CPUs
[    0.352203] smpboot: Total of 4 processors activated (28800.44 BogoMIPS)
[    0.353370] devtmpfs: initialized
[    0.355335] evm: security.selinux
[    0.355904] evm: security.SMACK64
[    0.356405] evm: security.SMACK64EXEC
[    0.357008] evm: security.SMACK64TRANSMUTE
[    0.357616] evm: security.SMACK64MMAP
[    0.358211] evm: security.ima
[    0.358732] evm: security.capability
[    0.359618] clocksource: jiffies: mask: 0xffffffff max_cycles: 0xffffffff, max_idle_ns: 7645041785100000 ns
[    0.361019] futex hash table entries: 1024 (order: 4, 65536 bytes)
[    0.361907] pinctrl core: initialized pinctrl subsystem
[    0.362712] RTC time: 19:20:44, date: 05/17/21
[    0.363653] NET: Registered protocol family 16
[    0.372459] cpuidle: using governor ladder
[    0.384475] cpuidle: using governor menu
[    0.385082] PCCT header not found.
[    0.385682] ACPI: bus type PCI registered
[    0.386327] acpiphp: ACPI Hot Plug PCI Controller Driver version: 0.5
[    0.387204] PCI: Using configuration type 1 for base access
[    0.401225] ACPI: Added _OSI(Module Device)
[    0.401898] ACPI: Added _OSI(Processor Device)
[    0.402544] ACPI: Added _OSI(3.0 _SCP Extensions)
[    0.403215] ACPI: Added _OSI(Processor Aggregator Device)
[    0.404421] ACPI: Executed 1 blocks of module-level executable AML code
[    0.406756] ACPI: Interpreter enabled
[    0.407331] ACPI: (supports S0 S5)
[    0.407864] ACPI: Using IOAPIC for interrupt routing
[    0.408669] PCI: Using host bridge windows from ACPI; if necessary, use "pci=nocrs" and report a bug
[    0.412324] ACPI: PCI Root Bridge [PCI0] (domain 0000 [bus 00-ff])
[    0.413178] acpi PNP0A03:00: _OSC: OS supports [ASPM ClockPM Segments MSI]
[    0.414245] acpi PNP0A03:00: _OSC: not requesting OS control; OS requires [ExtendedConfig ASPM ClockPM MSI]
[    0.415564] acpi PNP0A03:00: fail to add MMCONFIG information, can't access extended PCI configuration space under this bridge.
[    0.417275] PCI host bridge to bus 0000:00
[    0.417919] pci_bus 0000:00: root bus resource [io  0x0000-0x0cf7 window]
[    0.418801] pci_bus 0000:00: root bus resource [io  0x0d00-0xffff window]
[    0.419644] pci_bus 0000:00: root bus resource [mem 0x000a0000-0x000bffff window]
[    0.420723] pci_bus 0000:00: root bus resource [mem 0x80000000-0xfdffffff window]
[    0.421767] pci_bus 0000:00: root bus resource [bus 00-ff]
[    0.423638] pci 0000:00:01.1: legacy IDE quirk: reg 0x10: [io  0x01f0-0x01f7]
[    0.424594] pci 0000:00:01.1: legacy IDE quirk: reg 0x14: [io  0x03f6]
[    0.425476] pci 0000:00:01.1: legacy IDE quirk: reg 0x18: [io  0x0170-0x0177]
[    0.432943] pci 0000:00:01.1: legacy IDE quirk: reg 0x1c: [io  0x0376]
[    0.455220] pci 0000:00:07.0: quirk: [io  0x4000-0x403f] claimed by PIIX4 ACPI
[    0.456295] pci 0000:00:07.0: quirk: [io  0x4100-0x410f] claimed by PIIX4 SMB
[    0.471185] ACPI: PCI Interrupt Link [LNKA] (IRQs 5 9 10 *11)
[    0.472608] ACPI: PCI Interrupt Link [LNKB] (IRQs 5 9 *10 11)
[    0.473681] ACPI: PCI Interrupt Link [LNKC] (IRQs 5 *9 10 11)
[    0.474720] ACPI: PCI Interrupt Link [LNKD] (IRQs 5 9 10 *11)
[    0.476145] ACPI: Enabled 2 GPEs in block 00 to 07
[    0.477161] vgaarb: setting as boot device: PCI:0000:00:02.0
[    0.477988] vgaarb: device added: PCI:0000:00:02.0,decodes=io+mem,owns=io+mem,locks=none
[    0.479118] vgaarb: loaded
[    0.479610] vgaarb: bridge control possible 0000:00:02.0
[    0.480515] SCSI subsystem initialized
[    0.481656] ACPI: bus type USB registered
[    0.482320] usbcore: registered new interface driver usbfs
[    0.483100] usbcore: registered new interface driver hub
[    0.483837] usbcore: registered new device driver usb
[    0.484860] PCI: Using ACPI for IRQ routing
[    0.485681] NetLabel: Initializing
[    0.486227] NetLabel:  domain hash size = 128
[    0.486843] NetLabel:  protocols = UNLABELED CIPSOv4
[    0.487543] NetLabel:  unlabeled traffic allowed by default
[    0.488458] amd_nb: Cannot enumerate AMD northbridges
[    0.489277] clocksource: Switched to clocksource kvm-clock
[    0.494322] AppArmor: AppArmor Filesystem Enabled
[    0.495066] pnp: PnP ACPI init
[    0.496113] pnp: PnP ACPI: found 3 devices
[    0.504684] clocksource: acpi_pm: mask: 0xffffff max_cycles: 0xffffff, max_idle_ns: 2085701024 ns
[    0.505967] NET: Registered protocol family 2
[    0.506742] TCP established hash table entries: 16384 (order: 5, 131072 bytes)
[    0.507795] TCP bind hash table entries: 16384 (order: 6, 262144 bytes)
[    0.508653] TCP: Hash tables configured (established 16384 bind 16384)
[    0.509472] UDP hash table entries: 1024 (order: 3, 32768 bytes)
[    0.510492] UDP-Lite hash table entries: 1024 (order: 3, 32768 bytes)
[    0.511326] NET: Registered protocol family 1
[    0.511926] pci 0000:00:00.0: Limiting direct PCI/PCI transfers
[    0.512724] pci 0000:00:01.0: Activating ISA DMA hang workarounds
[    0.513622] Unpacking initramfs...
[    0.664580] Freeing initrd memory: 14884K
[    0.665362] clocksource: tsc: mask: 0xffffffffffffffff max_cycles: 0x33e4883c0d6, max_idle_ns: 440795230849 ns
[    0.666731] platform rtc_cmos: registered platform RTC device (no PNP device found)
[    0.667829] Scanning for low memory corruption every 60 seconds
[    0.669085] audit: initializing netlink subsys (disabled)
[    0.669887] audit: type=2000 audit(1621279249.055:1): initialized
[    0.670866] Initialise system trusted keyring
[    0.671822] HugeTLB registered 2 MB page size, pre-allocated 0 pages
[    0.673496] zbud: loaded
[    0.674364] VFS: Disk quotas dquot_6.6.0
[    0.674975] VFS: Dquot-cache hash table entries: 512 (order 0, 4096 bytes)
[    0.676318] squashfs: version 4.0 (2009/01/31) Phillip Lougher
[    0.677758] fuse init (API version 7.23)
[    0.678560] Key type big_key registered
[    0.679175] Allocating IMA MOK and blacklist keyrings.
[    0.681673] Key type asymmetric registered
[    0.682267] Asymmetric key parser 'x509' registered
[    0.682984] Block layer SCSI generic (bsg) driver version 0.4 loaded (major 249)
[    0.684188] io scheduler noop registered
[    0.684780] io scheduler deadline registered (default)
[    0.685561] io scheduler cfq registered
[    0.686267] pci_hotplug: PCI Hot Plug PCI Core version: 0.5
[    0.686994] pciehp: PCI Express Hot Plug Controller Driver version: 0.4
[    0.687913] ACPI: AC Adapter [AC] (on-line)
[    0.688552] input: Power Button as /devices/LNXSYSTM:00/LNXPWRBN:00/input/input0
[    0.689581] ACPI: Power Button [PWRF]
[    0.690252] input: Sleep Button as /devices/LNXSYSTM:00/LNXSLPBN:00/input/input1
[    0.691273] ACPI: Sleep Button [SLPF]
[    0.692045] GHES: HEST is not enabled!
[    0.692784] Serial: 8250/16550 driver, 32 ports, IRQ sharing enabled
[    0.714042] 00:02: ttyS0 at I/O 0x3f8 (irq = 4, base_baud = 115200) is a 16550A
[    0.716975] Linux agpgart interface v0.103
[    0.719467] loop: module loaded
[    0.720960] scsi host0: ata_piix
[    0.721697] scsi host1: ata_piix
[    0.722254] ata1: PATA max UDMA/33 cmd 0x1f0 ctl 0x3f6 bmdma 0xd000 irq 14
[    0.723139] ata2: PATA max UDMA/33 cmd 0x170 ctl 0x376 bmdma 0xd008 irq 15
[    0.724067] libphy: Fixed MDIO Bus: probed
[    0.724675] tun: Universal TUN/TAP device driver, 1.6
[    0.725362] tun: (C) 1999-2004 Max Krasnyansky <maxk@qualcomm.com>
[    0.726385] PPP generic driver version 2.4.2
[    0.727115] ehci_hcd: USB 2.0 'Enhanced' Host Controller (EHCI) Driver
[    0.727987] ehci-pci: EHCI PCI platform driver
[    0.728665] ehci-platform: EHCI generic platform driver
[    0.729349] ohci_hcd: USB 1.1 'Open' Host Controller (OHCI) Driver
[    0.730221] ohci-pci: OHCI PCI platform driver
[    0.730872] ohci-platform: OHCI generic platform driver
[    0.731601] uhci_hcd: USB Universal Host Controller Interface driver
[    0.732435] i8042: PNP: PS/2 Controller [PNP0303:PS2K,PNP0f03:PS2M] at 0x60,0x64 irq 1,12
[    0.734043] serio: i8042 KBD port at 0x60,0x64 irq 1
[    0.734787] serio: i8042 AUX port at 0x60,0x64 irq 12
[    0.735739] mousedev: PS/2 mouse device common for all mice
[    0.737007] rtc_cmos rtc_cmos: rtc core: registered rtc_cmos as rtc0
[    0.737934] input: AT Translated Set 2 keyboard as /devices/platform/i8042/serio0/input/input2
[    0.739189] rtc_cmos rtc_cmos: alarms up to one day, 114 bytes nvram
[    0.740080] i2c /dev entries driver
[    0.740756] device-mapper: uevent: version 1.0.3
[    0.741545] device-mapper: ioctl: 4.34.0-ioctl (2015-10-28) initialised: dm-devel@redhat.com
[    0.742752] ledtrig-cpu: registered to indicate activity on CPUs
[    0.743991] NET: Registered protocol family 10
[    0.744851] NET: Registered protocol family 17
[    0.745490] Key type dns_resolver registered
[    0.746687] registered taskstats version 1
[    0.747303] Loading compiled-in X.509 certificates
[    0.748426] Loaded X.509 cert 'Build time autogenerated kernel key: cf00e047681d67edb2720680708b7d9498083038'
[    0.749833] zswap: loaded using pool lzo/zbud
[    0.752082] Key type trusted registered
[    0.755345] Key type encrypted registered
[    0.755960] AppArmor: AppArmor sha1 policy hashing enabled
[    0.756711] ima: No TPM chip found, activating TPM-bypass!
[    0.757477] ima: Allocated hash algorithm: sha1
[    0.758193] evm: HMAC attrs: 0x1
[    0.759002]   Magic number: 5:558:344
[    0.759738] tty tty61: hash matches
[    0.760398] rtc_cmos rtc_cmos: setting system clock to 2021-05-17 19:20:44 UTC (1621279244)
[    0.761720] BIOS EDD facility v0.16 2004-Jun-25, 0 devices found
[    0.762517] EDD information not available.
[    0.902442] Freeing unused kernel memory: 1492K
[    0.903146] Write protecting the kernel read-only data: 14336k
[    0.904453] Freeing unused kernel memory: 1584K
[    0.905281] Freeing unused kernel memory: 52K
Loading, please wait...
starting version 229
[    0.916107] random: systemd-udevd: uninitialized urandom read (16 bytes read, 1 bits of entropy available)
[    0.916686] random: udevadm: uninitialized urandom read (16 bytes read, 1 bits of entropy available)
[    0.916707] random: udevadm: uninitialized urandom read (16 bytes read, 1 bits of entropy available)
[    0.920070] random: systemd-udevd: uninitialized urandom read (16 bytes read, 1 bits of entropy available)
[    0.921375] random: systemd-udevd: uninitialized urandom read (16 bytes read, 1 bits of entropy available)
[    0.922516] random: udevadm: uninitialized urandom read (16 bytes read, 1 bits of entropy available)
[    0.922553] random: udevadm: uninitialized urandom read (16 bytes read, 1 bits of entropy available)
[    0.922726] random: udevadm: uninitialized urandom read (16 bytes read, 1 bits of entropy available)
[    0.922768] random: udevadm: uninitialized urandom read (16 bytes read, 1 bits of entropy available)
[    0.922809] random: udevadm: uninitialized urandom read (16 bytes read, 1 bits of entropy available)
[    0.950769] Fusion MPT base driver 3.04.20
[    0.951486] Copyright (c) 1999-2008 LSI Corporation
[    0.952337] e1000: Intel(R) PRO/1000 Network Driver - version 7.3.21-k8-NAPI
[    0.953345] e1000: Copyright (c) 1999-2006 Intel Corporation.
[    0.955876] Fusion MPT SPI Host driver 3.04.20
[    0.963623] AVX2 version of gcm_enc/dec engaged.
[    0.964380] AES CTR mode by8 optimization enabled
[    1.158246] input: ImExPS/2 Generic Explorer Mouse as /devices/platform/i8042/serio1/input/input4
[    1.284248] e1000 0000:00:03.0 eth0: (PCI:33MHz:32-bit) 02:ed:98:3c:8e:82
[    1.285140] e1000 0000:00:03.0 eth0: Intel(R) PRO/1000 Network Connection
[    2.698689] e1000 0000:00:08.0 eth1: (PCI:33MHz:32-bit) 08:00:27:51:6d:6d
[    2.703471] e1000 0000:00:08.0 eth1: Intel(R) PRO/1000 Network Connection
[    2.709609] mptbase: ioc0: Initiating bringup
[    2.710237] e1000 0000:00:03.0 enp0s3: renamed from eth0
[    2.725537] e1000 0000:00:08.0 enp0s8: renamed from eth1
[    3.035259] ioc0: LSI53C1030 A0: Capabilities={Initiator}
[    4.706946] scsi host2: ioc0: LSI53C1030 A0, FwRev=00000000h, Ports=1, MaxQ=256, IRQ=20
[    7.014716] scsi 2:0:0:0: Direct-Access     VBOX     HARDDISK         1.0  PQ: 0 ANSI: 5
[    7.019144] scsi target2:0:0: Beginning Domain Validation
[    7.020896] scsi target2:0:0: Domain Validation skipping write tests
[    7.021727] scsi target2:0:0: Ending Domain Validation
[    7.022512] scsi target2:0:0: asynchronous
[    7.023635] scsi 2:0:1:0: Direct-Access     VBOX     HARDDISK         1.0  PQ: 0 ANSI: 5
[    7.031534] scsi target2:0:1: Beginning Domain Validation
[    7.033102] scsi target2:0:1: Domain Validation skipping write tests
[    7.033946] scsi target2:0:1: Ending Domain Validation
[    7.034738] scsi target2:0:1: asynchronous
[    7.040851] sd 2:0:0:0: Attached scsi generic sg0 type 0
[    7.041910] sd 2:0:0:0: [sda] 83886080 512-byte logical blocks: (42.9 GB/40.0 GiB)
[    7.041916] sd 2:0:1:0: Attached scsi generic sg1 type 0
[    7.044068] sd 2:0:1:0: [sdb] 20480 512-byte logical blocks: (10.5 MB/10.0 MiB)
[    7.045452] sd 2:0:0:0: [sda] Write Protect is off
[    7.046156] sd 2:0:1:0: [sdb] Write Protect is off
[    7.046990] sd 2:0:0:0: [sda] Incomplete mode parameter data
[    7.047818] sd 2:0:0:0: [sda] Assuming drive cache: write through
[    7.048656] sd 2:0:1:0: [sdb] Incomplete mode parameter data
[    7.049503] sd 2:0:1:0: [sdb] Assuming drive cache: write through
[    7.053443]  sda: sda1
[    7.054957] sd 2:0:0:0: [sda] Attached SCSI disk
[    7.055690] sd 2:0:1:0: [sdb] Attached SCSI disk
Begin: Loading essential drivers ... [    8.378424] md: linear personality registered for level -1
[    8.381433] md: multipath personality registered for level -4
[    8.384396] md: raid0 personality registered for level 0
[    8.388884] md: raid1 personality registered for level 1
[    8.457336] raid6: sse2x1   gen() 14873 MB/s
[    8.525324] raid6: sse2x1   xor() 10958 MB/s
[    8.593333] raid6: sse2x2   gen() 18469 MB/s
[    8.661327] raid6: sse2x2   xor() 12640 MB/s
[    8.729329] raid6: sse2x4   gen() 20966 MB/s
[    8.797329] raid6: sse2x4   xor() 13788 MB/s
[    8.865299] raid6: avx2x1   gen() 25269 MB/s
[    8.933338] raid6: avx2x2   gen() 33351 MB/s
[    9.001326] raid6: avx2x4   gen() 36973 MB/s
[    9.001978] raid6: using algorithm avx2x4 gen() 36973 MB/s
[    9.002751] raid6: using avx2x2 recovery algorithm
[    9.004905] xor: automatically using best checksumming function:
[    9.097711]    avx       : 103125.000 MB/sec
[    9.099347] async_tx: api initialized (async)
[    9.607887] md: raid6 personality registered for level 6
[    9.608697] md: raid5 personality registered for level 5
[    9.609417] md: raid4 personality registered for level 4
[    9.615653] md: raid10 personality registered for level 10
done.
Begin: Running /scripts/init-premount ... done.
Begin: Mounting root file system ... Begin: Running /scripts/local-top ... done.
Begin: Running /scripts/local-premount ... [    9.637765] Btrfs loaded
Scanning for Btrfs filesystems
done.
Warning: fsck not present, so skipping root file system
[    9.665909] EXT4-fs (sda1): mounted filesystem with ordered data mode. Opts: (null)
done.
Begin: Running /scripts/local-bottom ... done.
Begin: Running /scripts/init-bottom ... done.
[    9.850802] systemd[1]: systemd 229 running in system mode. (+PAM +AUDIT +SELINUX +IMA +APPARMOR +SMACK +SYSVINIT +UTMP +LIBCRYPTSETUP +GCRYPT +GNUTLS +ACL +XZ -LZ4 +SECCOMP +BLKID +ELFUTILS +KMOD -IDN)
[    9.860884] systemd[1]: Detected virtualization oracle.
[    9.863039] systemd[1]: Detected architecture x86-64.

Welcome to [1mUbuntu 16.04.7 LTS[0m!

[    9.868316] systemd[1]: Set hostname to <ubuntu>.
[    9.872620] systemd[1]: Initializing machine ID from random generator.
[    9.874199] systemd[1]: Installed transient /etc/machine-id file.
[   10.255333] systemd[1]: Set up automount Arbitrary Executable File Formats File System Automount Point.
[[0;32m  OK  [0m] Set up automount Arbitrary Executab...ats File System Automount Point.
[   10.261293] systemd[1]: Listening on Journal Socket (/dev/log).
[[0;32m  OK  [0m] Listening on Journal Socket (/dev/log).
[   10.264012] systemd[1]: Listening on udev Kernel Socket.
[[0;32m  OK  [0m] Listening on udev Kernel Socket.
[   10.266286] systemd[1]: Listening on Syslog Socket.
[[0;32m  OK  [0m] Listening on Syslog Socket.
[   10.268432] systemd[1]: Listening on fsck to fsckd communication Socket.
[[0;32m  OK  [0m] Listening on fsck to fsckd communication Socket.
[   10.271020] systemd[1]: Reached target Swap.
[[0;32m  OK  [0m] Reached target Swap.
[   10.272489] systemd[1]: Reached target System Time Synchronized.
[[0;32m  OK  [0m] Reached target System Time Synchronized.
[   10.274529] systemd[1]: Created slice System Slice.
[[0;32m  OK  [0m] Created slice System Slice.
[   10.276092] systemd[1]: Started Trigger resolvconf update for networkd DNS.
[[0;32m  OK  [0m] Started Trigger resolvconf update for networkd DNS.
[   10.666591] systemd[1]: Listening on Journal Audit Socket.
[[0;32m  OK  [0m] Listening on Journal Audit Socket.
[   10.672036] systemd[1]: Listening on Device-mapper event daemon FIFOs.
[[0;32m  OK  [0m] Listening on Device-mapper event daemon FIFOs.
[   10.673370] systemd[1]: Listening on LVM2 poll daemon socket.
[[0;32m  OK  [0m] Listening on LVM2 poll daemon socket.
[   10.674796] systemd[1]: Created slice User and Session Slice.
[[0;32m  OK  [0m] Created slice User and Session Slice.
[   10.676095] systemd[1]: Listening on udev Control Socket.
[[0;32m  OK  [0m] Listening on udev Control Socket.
[   10.907019] systemd[1]: Created slice system-serial\x2dgetty.slice.
[[0;32m  OK  [0m] Created slice system-serial\x2dgetty.slice.
[   10.914297] systemd[1]: Reached target User and Group Name Lookups.
[[0;32m  OK  [0m] Reached target User and Group Name Lookups.
[   10.920719] systemd[1]: Reached target Encrypted Volumes.
[[0;32m  OK  [0m] Reached target Encrypted Volumes.
[   10.927196] systemd[1]: Listening on LVM2 metadata daemon socket.
[[0;32m  OK  [0m] Listening on LVM2 metadata daemon socket.
[   10.934105] systemd[1]: Listening on Journal Socket.
[[0;32m  OK  [0m] Listening on Journal Socket.
[   11.012181] systemd[1]: Mounting Huge Pages File System...
         Mounting Huge Pages File System...
[   11.021090] systemd[1]: Starting Monitoring of LVM2 mirrors, snapshots etc. using dmeventd or progress polling...
         Starting Monitoring of LVM2 mirrors... dmeventd or progress polling...
[   11.034064] systemd[1]: Starting Uncomplicated firewall...
         Starting Uncomplicated firewall...
[   11.040925] systemd[1]: Starting Set console keymap...
         Starting Set console keymap...
[   11.045156] systemd[1]: Mounting POSIX Message Queue File System...
         Mounting POSIX Message Queue File System...
[   11.049304] systemd[1]: Mounting Debug File System...
         Mounting Debug File System...
[   11.062216] systemd[1]: Starting Create list of required static device nodes for the current kernel...
         Starting Create list of required st... nodes for the current kernel...
[   11.065599] systemd[1]: Starting File System Check on Root Device...
         Starting File System Check on Root Device...
[   11.067987] systemd[1]: Starting Nameserver information manager...
         Starting Nameserver information manager...
[   11.070160] systemd[1]: Starting Journal Service...
         Starting Journal Service...
[   11.073308] systemd[1]: Started Forward Password Requests to Wall Directory Watch.
[[0;32m  OK  [0m] Started Forward Password Requests to Wall Directory Watch.
[   11.085471] systemd[1]: Reached target Slices.
[[0;32m  OK  [0m] Reached target Slices.
[   11.086704] systemd[1]: Listening on /dev/initctl Compatibility Named Pipe.
[[0;32m  OK  [0m] Listening on /dev/initctl Compatibility Named Pipe.
[   11.095234] systemd[1]: Starting Load Kernel Modules...
         Starting Load Kernel Modules...
[   11.097750] systemd[1]: Mounted POSIX Message Queue File System.
[[0;32m  OK  [0m] Mounted POSIX Message Queue File System.
[   11.099098] systemd[1]: Mounted Debug File System.
[[0;32m  OK  [0m] Mounted Debug File System.
[   11.104083] Loading iSCSI transport class v2.0-870.
[   11.109837] systemd[1]: Mounted Huge Pages File System.
[[0;32m  OK  [0[   11.111169] iscsi: registered transport (tcp)
m] Mounted Huge Pages File System.
[   11.112016] systemd[1]: Started Journal Service.
[[0;32m  OK  [0m] Started Journal Service.
[[0;32m  OK  [0m] Started Uncomplicated firewall.
[[0;32m  OK  [0m] Started Set console keymap.
[[0;32m  OK  [0m] Started Create list of required sta...ce nodes for the current kernel.
[[0;32m  OK  [0m] Started File System Check on Root Device.
[   11.634405] iscsi: registered transport (iser)
[[0;32m  OK  [0m] Started Load Kernel Modules.
[[0;32m  OK  [0m] Started Nameserver information manager.
[[0;32m  OK  [0m] Started File System Check Daemon to report status.
[[0;32m  OK  [0m] Started LVM2 metadata daemon.
         Starting Apply Kernel Variables...
         Mounting FUSE Control File System...
         Starting Remount Root and Kernel File Systems...
         Starting Create Static Device Nodes in /dev...
[[0;32m  OK  [0m] Mounted FUSE Control File System.
[   11.651065] EXT4-fs (sda1): re-mounted. Opts: (null)
[[0;32m  OK  [0m] Started Remount Root and Kernel File Systems.
[   11.654735] random: nonblocking pool is initialized
         Starting Load/Save Random Seed...
         Starting udev Coldplug all Devices...
         Starting Flush Journal to Persistent Storage...
[[0;32m  OK  [0m] Started Apply Kernel Variables.
[[0;32m  OK  [0m] Started Load/Save Random Seed.
[[0;32m  OK  [0m] Started Flush Journal to Persistent Storage.
[[0;32m  OK  [0m] Started Create Static Device Nodes in /dev.
         Starting udev Kernel Device Manager...
[[0;32m  OK  [0m] Started udev Coldplug all Devices.
[[0;32m  OK  [0m] Started udev Kernel Device Manager.
[[0;32m  OK  [0m] Started Dispatch Password Requests to Console Directory Watch.
[[0;32m  OK  [0m] Found device /dev/ttyS0.
[[0;32m  OK  [0m] Listening on Load/Save RF Kill Switch Status /dev/rfkill Watch.
[[0;32m  OK  [0m] Started Monitoring of LVM2 mirrors,...ng dmeventd or progress polling.
[[0;32m  OK  [0m] Reached target Local File Systems (Pre).
[[0;32m  OK  [0m] Reached target Local File Systems.
         Starting Commit a transient machine-id on disk...
         Starting Initial cloud-init job (pre-networking)...
         Starting LSB: AppArmor initialization...
         Starting Create Volatile Files and Directories...
         Starting Set console font and keymap...
         Starting Tell Plymouth To Write Out Runtime Data...
[[0;32m  OK  [0m] Started Create Volatile Files and Directories.
         Starting Update UTMP about System Boot/Shutdown...
[[0;32m  OK  [0m] Started Tell Plymouth To Write Out Runtime Data.
[[0;32m  OK  [0m] Started Update UTMP about System Boot/Shutdown.
[[0;32m  OK  [0m] Started Commit a transient machine-id on disk.
[[0;32m  OK  [0m] Started Set console font and keymap.
[[0;32m  OK  [0m] Created slice system-getty.slice.
[[0;32m  OK  [0m] Started LSB: AppArmor initialization.
         Starting Load AppArmor profiles managed internally by snapd...
[[0;32m  OK  [0m] Started Load AppArmor profiles managed internally by snapd.
[   12.711754] cloud-init[646]: Cloud-init v. 21.1-19-gbad84ad4-0ubuntu1~16.04.2 running 'init-local' at Mon, 17 May 2021 19:20:56 +0000. Up 12.52 seconds.
[[0;32m  OK  [0m] Started Initial cloud-init job (pre-networking).
[[0;32m  OK  [0m] Reached target Network (Pre).
         Starting Raise network interfaces...
[[0;32m  OK  [0m] Started Raise network interfaces.
[[0;32m  OK  [0m] Reached target Network.
         Starting Initial cloud-init job (metadata service crawler)...
[   13.678863] cloud-init[981]: Cloud-init v. 21.1-19-gbad84ad4-0ubuntu1~16.04.2 running 'init' at Mon, 17 May 2021 19:20:57 +0000. Up 13.16 seconds.
[   13.679974] cloud-init[981]: ci-info: ++++++++++++++++++++++++++++++++++++++Net device info+++++++++++++++++++++++++++++++++++++++
[   13.681079] cloud-init[981]: ci-info: +--------+-------+----------------------------+---------------+--------+-------------------+
[   13.682121] cloud-init[981]: ci-info: | Device |   Up  |          Address           |      Mask     | Scope  |     Hw-Address    |
[   13.683040] cloud-init[981]: ci-info: +--------+-------+----------------------------+---------------+--------+-------------------+
[   13.684086] cloud-init[981]: ci-info: | enp0s3 |  True |         10.0.2.15          | 255.255.255.0 | global | 02:ed:98:3c:8e:82 |
[   13.685080] cloud-init[981]: ci-info: | enp0s3 |  True | fe80::ed:98ff:fe3c:8e82/64 |       .       |  link  | 02:ed:98:3c:8e:82 |
[   13.686059] cloud-init[981]: ci-info: | enp0s8 | False |             .              |       .       |   .    | 08:00:27:51:6d:6d |
[   13.687045] cloud-init[981]: ci-info: |   lo   |  True |         127.0.0.1          |   255.0.0.0   |  host  |         .         |
[   13.687997] cloud-init[981]: ci-info: |   lo   |  True |          ::1/128           |       .       |  host  |         .         |
[   13.688997] cloud-init[981]: ci-info: +--------+-------+----------------------------+---------------+--------+-------------------+
[   13.690051] cloud-init[981]: ci-info: +++++++++++++++++++++++++++Route IPv4 info++++++++++++++++++++++++++++
[   13.690918] cloud-init[981]: ci-info: +-------+-------------+----------+---------------+-----------+-------+
[   13.691841] cloud-init[981]: ci-info: | Route | Destination | Gateway  |    Genmask    | Interface | Flags |
[   13.692804] cloud-init[981]: ci-info: +-------+-------------+----------+---------------+-----------+-------+
[   13.693676] cloud-init[981]: ci-info: |   0   |   0.0.0.0   | 10.0.2.2 |    0.0.0.0    |   enp0s3  |   UG  |
[   13.694585] cloud-init[981]: ci-info: |   1   |   10.0.2.0  | 0.0.0.0  | 255.255.255.0 |   enp0s3  |   U   |
[   13.695546] cloud-init[981]: ci-info: +-------+-------------+----------+---------------+-----------+-------+
[   13.696563] cloud-init[981]: ci-info: +++++++++++++++++++Route IPv6 info+++++++++++++++++++
[   13.697377] cloud-init[981]: ci-info: +-------+-------------+---------+-----------+-------+
[   13.698148] cloud-init[981]: ci-info: | Route | Destination | Gateway | Interface | Flags |
[   13.698869] cloud-init[981]: ci-info: +-------+-------------+---------+-----------+-------+
[   13.699670] cloud-init[981]: ci-info: |   0   |  fe80::/64  |    ::   |   enp0s3  |   U   |
[   13.700459] cloud-init[981]: ci-info: |   3   |   ff00::/8  |    ::   |   enp0s3  |   U   |
[   13.701163] cloud-init[981]: ci-info: +-------+-------------+---------+-----------+-------+
[   13.701843] cloud-init[981]: Generating public/private rsa key pair.
[   13.702435] cloud-init[981]: Your identification has been saved in /etc/ssh/ssh_host_rsa_key.
[   13.703118] cloud-init[981]: Your public key has been saved in /etc/ssh/ssh_host_rsa_key.pub.
[   13.703922] cloud-init[981]: The key fingerprint is:
[   13.712386] cloud-init[981]: SHA256:VEykQZjlocVHCvRsdY7wFX0gSucfpnFcbsGQIIC7lDw root@ubuntu-xenial
[   13.713309] cloud-init[981]: The key's randomart image is:
[   13.713928] cloud-init[981]: +---[RSA 2048]----+
[   13.714402] cloud-init[981]: |     .+BO*B.B+=o.|
[   13.714996] cloud-init[981]: |     .oB.@+O +.+o|
[   13.715529] cloud-init[981]: |    . + O.+ + =.o|
[   13.716153] cloud-init[981]: |     E o     * o |
[   13.716623] cloud-init[981]: |    . o S   . .  |
[   13.717159] cloud-init[981]: |     .           |
[   13.717634] cloud-init[981]: |                 |
[   13.718196] cloud-init[981]: |                 |
[   13.718707] cloud-init[981]: |                 |
[   13.719131] cloud-init[981]: +----[SHA256]-----+
[   13.719705] cloud-init[981]: Generating public/private dsa key pair.
[   13.720450] cloud-init[981]: Your identification has been saved in /etc/ssh/ssh_host_dsa_key.
[   13.721269] cloud-init[981]: Your public key has been saved in /etc/ssh/ssh_host_dsa_key.pub.
[   13.722075] cloud-init[981]: The key fingerprint is:
[   13.722644] cloud-init[981]: SHA256:71xVjJtTGeA4gfHGYX8Pm46LqzrqwlOw5k7lutWOhgA root@ubuntu-xenial
[   13.723519] cloud-init[981]: The key's randomart image is:
[   13.724132] cloud-init[981]: +---[DSA 1024]----+
[   13.724577] cloud-init[981]: |         .o+ ... |
[   13.725102] cloud-init[981]: |         .+ *  oo|
[   13.725659] cloud-init[981]: |           * ooo+|
[   13.726165] cloud-init[981]: |E .       . . .O.|
[   13.726637] cloud-init[981]: |.  o.   S     B .|
[   13.727195] cloud-init[981]: |. oo..   .   + . |
[   13.727645] cloud-init[981]: | =.oo .   . o .  |
[   13.728267] cloud-init[981]: | .*o.o.  o o .   |
[   13.728773] cloud-init[981]: | .+*+.oo..=..    |
[   13.729313] cloud-init[981]: +----[SHA256]-----+
[   13.729837] cloud-init[981]: Generating public/private ecdsa key pair.
[   13.730681] cloud-init[981]: Your identification has been saved in /etc/ssh/ssh_host_ecdsa_key.
[   13.731546] cloud-init[981]: Your public key has been saved in /etc/ssh/ssh_host_ecdsa_key.pub.
[   13.732295] cloud-init[981]: The key fingerprint is:
[   13.732721] cloud-init[981]: SHA256:MudtJkeLvyDMfwYI8AI1av2b58o1eBweRV0EpdldpO0 root@ubuntu-xenial
[   13.733430] cloud-init[981]: The key's randomart image is:
[   13.734051] cloud-init[981]: +---[ECDSA 256]---+
[   13.734497] cloud-init[981]: | .o      ...=+ .o|
[   13.735018] cloud-init[981]: |..o.    .  .+ .o.|
[   13.735636] cloud-init[981]: |.o +     . o ....|
[   13.736138] cloud-init[981]: |. . +   .      . |
[   13.736637] cloud-init[981]: |   . oo+S .     E|
[   13.737162] [cloud-init[0;32m  OK  [0m[981]: ] |     oB=++ .     |Started Initial cloud-init job (metadata service crawler).

[   13.737362] cloud-init[981]: |     ++B=.*      |
[   13.738725] cloud-init[981]: [|    . =o.Bo      |[0;32m  OK  [0m
] Reached target System Initialization.
[   13.738867] [cloud-init[0;32m  OK  [0m[981]: ] |     o...oo.     |Listening on UUID daemon activation socket.

[   13.739733] cloud-init[981]: +----[SHA256]-----+
[   13.741042] cloud-init[981]: Generating public/private ed25519 key pair.
[   13.741755] cloud-init[981]: Your identification has been saved in /etc/ssh/ssh_host_ed25519_key.
[   13.742622] cloud-init[981]: Your public key has been saved in /etc/ssh/ssh_host_ed25519_key.pub.
[   13.743410] cloud-init[981]: [The key fingerprint is:[0;32m  OK  [0m
] Started ACPI Events Check.
[[   13.743552] [0;32m  OK  [0mcloud-init] [981]: Reached target Paths.SHA256:YYRIseuY/QsgpDdw7NHQVpNEDy/CB8RYvNY3gR6kSG8 root@ubuntu-xenial

[   13.757328] [cloud-init[0;32m  OK  [0m[981]: ] The key's randomart image is:Started Daily apt download activities.

[   13.757479] [cloud-init[0;32m  OK  [0m[981]: ] +--[ED25519 256]--+Started Daily apt upgrade and clean activities.

[[   13.758342] [0;32m  OK  [0mcloud-init] [981]: Listening on D-Bus System Message Bus Socket.|  oO*BB+.        |

[   13.760099]          cloud-initStarting Socket activation for snappy daemon.[981]: 
| o.**+=*.        |
[   13.760781] [cloud-init[0;32m  OK  [0m[981]: ] |..=.E+o.=.       |Listening on ACPID Listen Socket.

[   13.760928] [cloud-init[0;32m  OK  [0m[981]: ] |o+ oo+ooo.       |Started Message of the Day.

[[   13.761578] [0;32m  OK  [0mcloud-init] [981]: Started Daily Cleanup of Temporary Directories.|o =..  .S.       |

[   13.763208] [cloud-init[0;32m  OK  [0m[981]: ] | o B             |Reached target Timers.

[   13.763323] cloud-init[981]: |  o +            |
[   13.764576] cloud-init[981]: |     o           |         
Starting LXD - unix socket.
[[   13.764734] [0;32m  OK  [0mcloud-init] [981]: Reached target Cloud-config availability.|      o.         |

[   13.766130] [cloud-init[0;32m  OK  [0m[981]: ] +----[SHA256]-----+Reached target Network is Online.

         Starting iSCSI initiator daemon (iscsid)...
[[0;32m  OK  [0m] Listening on Socket activation for snappy daemon.
[[0;32m  OK  [0m] Listening on LXD - unix socket.
[[0;32m  OK  [0m] Reached target Sockets.
[[0;32m  OK  [0m] Reached target Basic System.
[[0;32m  OK  [0m] Started D-Bus System Message Bus.
         Starting Virtualbox guest utils...
         Starting LSB: MD monitoring daemon...
         Starting System Logging Service...
[[0;32m  OK  [0m] Started Deferred execution scheduler.
         Starting LXD - container startup/shutdown...
         Starting /etc/rc.local Compatibility...
[[0;32m  OK  [0m] Started ACPI event daemon.
[[0;32m  OK  [0m] Started FUSE filesystem for LXC.
         Starting Pollinate to seed the pseudo random number generator...
         Starting Login Service...
         Starting LSB: Record successful boot for GRUB...
[[0;32m  OK  [0m] Started Regular background program processing daemon.
         Starting Accounts Service...
         Starting Snap Daemon...
[[0;32m  OK  [0m] Started System Logging Service.
[[0;32m  OK  [0m] Started /etc/rc.local Compatibility.
[[0;32m  OK  [0m] Started iSCSI initiator daemon (iscsid).
[[0;32m  OK  [0m] Started Login Service.
[[0;32m  OK  [0m] Started Unattended Upgrades Shutdown.
         Starting Login to default iSCSI targets...
[[0;32m  OK  [0m] Started LSB: Record successful boot for GRUB.
[[0;32m  OK  [0m] Started LSB: MD monitoring daemon.
[[0;32m  OK  [0m] Started Login to default iSCSI targets.
[[0;32m  OK  [0m] Reached target Remote File Systems (Pre).
[[0;32m  OK  [0m] Reached target Remote File Systems.
         Starting Permit User Sessions...
         Starting LSB: daemon to balance interrupts for SMP systems...
         Starting LSB: Set the CPU Frequency Scaling governor to "ondemand"...
         Starting LSB: automatic crash report generation...
[[0;32m  OK  [0m] Started Permit User Sessions.
         Starting Terminate Plymouth Boot Screen...
         Starting Hold until boot process finishes up...
[[0;32m  OK  [0m] Started Hold until boot process finishes up.
[[0;32m  OK  [0m] Started LSB: Set the CPU Frequency Scaling governor to "ondemand".
         Starting Set console scheme...
[[0;32m  OK  [0m] Started Serial Getty on ttyS0.
[[0;32m  OK  [0m] Started Getty on tty1.
[[0;32m  OK  [0m] Reached target Login Prompts.
[[0;32m  OK  [0m] Started Virtualbox guest utils.
[[0;32m  OK  [0m] Started Terminate Plymouth Boot Screen.
[[0;32m  OK  [0m] Started Set console scheme.
[[0;32m  OK  [0m] Started LSB: daemon to balance interrupts for SMP systems.
         Starting Authenticate and Authorize Users to Run Privileged Tasks...
[[0;32m  OK  [0m] Started LSB: automatic crash report generation.
[[0;32m  OK  [0m] Started Authenticate and Authorize Users to Run Privileged Tasks.
[[0;32m  OK  [0m] Started Accounts Service.
[[0;32m  OK  [0m] Started LXD - container startup/shutdown.
[[0;32m  OK  [0m] Started Snap Daemon.
         Starting Wait until snapd is fully seeded...
[[0;32m  OK  [0m] Started Wait until snapd is fully seeded.
         Starting Apply the settings specified in cloud-config...
[[0;32m  OK  [0m] Started Pollinate to seed the pseudo random number generator.
         Starting OpenBSD Secure Shell server...
[[0;32m  OK  [0m] Started OpenBSD Secure Shell server.
[[0;32m  OK  [0m] Reached target Multi-User System.
[[0;32m  OK  [0m] Reached target Graphical Interface.
         Starting Update UTMP about System Runlevel Changes...
[[0;32m  OK  [0m] Started Update UTMP about System Runlevel Changes.
[   14.565356] cloud-init[1303]: Generating locales (this might take a while)...
[   15.047673] cloud-init[1303]:   en_US.UTF-8... done
[   15.048312] cloud-init[1303]: Generation complete.
[   15.930125] cloud-init[1303]: Cloud-init v. 21.1-19-gbad84ad4-0ubuntu1~16.04.2 running 'modules:config' at Mon, 17 May 2021 19:20:58 +0000. Up 14.49 seconds.
[[0;32m  OK  [0m] Started Apply the settings specified in cloud-config.
         Starting Execute cloud user/final scripts...
ci-info: no authorized SSH keys fingerprints found for user ubuntu.
<14>May 17 19:21:00 ec2: 
<14>May 17 19:21:00 ec2: #############################################################
<14>May 17 19:21:00 ec2: -----BEGIN SSH HOST KEY FINGERPRINTS-----
<14>May 17 19:21:00 ec2: 1024 SHA256:71xVjJtTGeA4gfHGYX8Pm46LqzrqwlOw5k7lutWOhgA root@ubuntu-xenial (DSA)
<14>May 17 19:21:00 ec2: 256 SHA256:MudtJkeLvyDMfwYI8AI1av2b58o1eBweRV0EpdldpO0 root@ubuntu-xenial (ECDSA)
<14>May 17 19:21:00 ec2: 256 SHA256:YYRIseuY/QsgpDdw7NHQVpNEDy/CB8RYvNY3gR6kSG8 root@ubuntu-xenial (ED25519)
<14>May 17 19:21:00 ec2: 2048 SHA256:VEykQZjlocVHCvRsdY7wFX0gSucfpnFcbsGQIIC7lDw root@ubuntu-xenial (RSA)
<14>May 17 19:21:00 ec2: -----END SSH HOST KEY FINGERPRINTS-----
<14>May 17 19:21:00 ec2: #############################################################
-----BEGIN SSH HOST KEY KEYS-----
ecdsa-sha2-nistp256 AAAAE2VjZHNhLXNoYTItbmlzdHAyNTYAAAAIbmlzdHAyNTYAAABBBMDdwJbzceHitp0L3IVrLNygXtpo+i85KKukuQs3E+yiOxlFoO03AywuNV8u82JNfo0RMp6YiMaRNiljFbym5lQ= root@ubuntu-xenial
ssh-ed25519 AAAAC3NzaC1lZDI1NTE5AAAAICfbBE68PHoPPp0gEHqQBDD8HejLqPQLD0fkN4GnmII/ root@ubuntu-xenial
ssh-rsa AAAAB3NzaC1yc2EAAAADAQABAAABAQCqqDsFmGqhjqEBY8huZ9DgXeu8yRdKmC63i57kFqiW1YkwyH3nuIIB5ERpnU2D5vKlaKGTJTtGOMoK2jhBiKgf54bG7w4h29pK0njxkyctKhXbZuOKcGWRGJWbKUSm3WHbeUPOqHsfuiLCFy1YjNLTmvp5gQvFDYWhz9Arw9JZzzzwwQXGIJEACs8TqJx+wIxn798VDqwkqFbL9STFqyv8J2WxNFmXE6udBYsUD/OqI6GfNMEHEf8LmrMm8LGcB5JNwWbaZbEhXxfHn3gCON4t6/M3fRh9KW4G3atznoSSTlsqZr4P9L5R/SZpjKnkIOGDs5N7hhsoxZhyNOBCf+xf root@ubuntu-xenial
-----END SSH HOST KEY KEYS-----
[   16.240129] cloud-init[1367]: Cloud-init v. 21.1-19-gbad84ad4-0ubuntu1~16.04.2 running 'modules:final' at Mon, 17 May 2021 19:21:00 +0000. Up 16.13 seconds.
[   16.241498] cloud-init[1367]: ci-info: no authorized SSH keys fingerprints found for user ubuntu.
[   16.242415] cloud-init[1367]: Cloud-init v. 21.1-19-gbad84ad4-0ubuntu1~16.04.2 finished at Mon, 17 May 2021 19:21:00 +0000. Datasource DataSourceNoCloud [seed=/dev/sdb][dsmode=net].  Up 16.23 seconds
[[0;32m  OK  [0m] Started Execute cloud user/final scripts.
[[0;32m  OK  [0m] Reached target Cloud-init target.

Ubuntu 16.04.7 LTS ubuntu-xenial ttyS0

ubuntu-xenial login: 